Microchip MPLAB XC8 Compiler V2.30

Linker command line:

-W-3 --edf=C:\Program Files\Microchip\xc8\v2.30\pic\dat\en_msgs.txt -cn \
  -h+dist/default/production\parkingCar.X.production.sym \
  --cmf=dist/default/production\parkingCar.X.production.cmf -z -Q16F877A \
  -oC:\Users\doank\AppData\Local\Temp\sal4x2 --defsym=__MPLAB_BUILD=1 \
  -Mdist/default/production/parkingCar.X.production.map -E1 \
  -ver=XC8 Compiler --acfsm=1493 -ASTACK=0110h-016Fh -pstack=STACK \
  -ACODE=00h-07FFhx4 -ASTRCODE=00h-01FFFh -ASTRING=00h-0FFhx32 \
  -ACONST=00h-0FFhx32 -AENTRY=00h-0FFhx32 -ACOMMON=070h-07Fh \
  -ABANK0=020h-06Fh -ABANK1=0A0h-0EFh -ABANK2=0110h-016Fh \
  -ABANK3=0190h-01EFh -ARAM=020h-06Fh,0A0h-0EFh,0110h-016Fh,0190h-01EFh \
  -AABS1=020h-07Fh,0A0h-0EFh,0110h-016Fh,0190h-01EFh -ASFR0=00h-01Fh \
  -ASFR1=080h-09Fh -ASFR2=0100h-010Fh -ASFR3=0180h-018Fh \
  -ACONFIG=02007h-02007h -DCONFIG=2 -AIDLOC=02000h-02003h -DIDLOC=2 \
  -AEEDATA=00h-0FFh/02100h -peeprom_data=EEDATA -DEEDATA=2 -DCODE=2 \
  -DSTRCODE=2 -DSTRING=2 -DCONST=2 -DENTRY=2 \
  -preset_vec=00h,intentry=04h,init,end_init -ppowerup=CODE -pcinit=CODE \
  -pfunctab=ENTRY -k C:\Users\doank\AppData\Local\Temp\sal4xh.o \
  dist/default/production\parkingCar.X.production.o 

Object code version is 3.11

Machine type is 16F877A



                Name                               Link     Load   Length Selector   Space Scale
C:\Users\doank\AppData\Local\Temp\sal4xh.o
                end_init                              C        C        3        8       0
                reset_vec                             0        0        3        0       0
                config                             2007     2007        1        0       4
dist/default/production\parkingCar.X.production.o
                cinit                                 F        F       1A        8       0
                intentry                              4        4        8        8       0
                config                             2007     2007        1        0       4
                text16                              44B      44B       2F      6F0       0
                text15                              3E7      3E7       33      6F0       0
                text14                              378      378       3C      6F0       0
                text13                              4DB      4DB       1C      6F0       0
                text12                              29F      29F       54        8       0
                text11                              41A      41A       31      6F0       0
                text10                              3B4      3B4       33      6F0       0
                text9                               4A1      4A1       1E      6F0       0
                text8                               4BF      4BF       1C      6F0       0
                text7                               2F3      2F3       46        8       0
                text6                               177      177       69        8       0
                text5                               244      244       5B        8       0
                text4                               47A      47A       27      6F0       0
                text3                                29       29       BA        8       0
                text2                               1E0      1E0       64        8       0
                text1                               4F7      4F7        F      6F0       0
                maintext                             E3       E3       94        8       0
                cstackBANK0                          20       20       26       20       1
                cstackCOMMON                         70       70        6       70       1
                dataBANK0                            4C       4C        2       20       1
                bssBANK0                             46       46        6       20       1
                bssCOMMON                            76       76        4       70       1
                strings                             339      339       3F      672       0
                idataBANK0                          506      506        2      6F0       0

TOTAL           Name                               Link     Load   Length     Space
        CLASS   STACK          

        CLASS   CODE           
                end_init                              C        C        3         0
                cinit                                 F        F       1A         0
                intentry                              4        4        8         0
                reset_vec                             0        0        3         0
                text16                              44B      44B       2F         0
                text15                              3E7      3E7       33         0
                text14                              378      378       3C         0
                text13                              4DB      4DB       1C         0
                text12                              29F      29F       54         0
                text11                              41A      41A       31         0
                text10                              3B4      3B4       33         0
                text9                               4A1      4A1       1E         0
                text8                               4BF      4BF       1C         0
                text7                               2F3      2F3       46         0
                text6                               177      177       69         0
                text5                               244      244       5B         0
                text4                               47A      47A       27         0
                text3                                29       29       BA         0
                text2                               1E0      1E0       64         0
                text1                               4F7      4F7        F         0
                maintext                             E3       E3       94         0
                idataBANK0                          506      506        2         0

        CLASS   STRCODE        

        CLASS   STRING         
                strings                             339      339       3F         0

        CLASS   CONST          

        CLASS   ENTRY          

        CLASS   COMMON         
                cstackCOMMON                         70       70        6         1
                bssCOMMON                            76       76        4         1

        CLASS   BANK0          
                cstackBANK0                          20       20       26         1
                dataBANK0                            4C       4C        2         1
                bssBANK0                             46       46        6         1

        CLASS   BANK1          

        CLASS   BANK2          

        CLASS   BANK3          

        CLASS   RAM            

        CLASS   ABS1           
                abs_s1                               7E       7E        2         1

        CLASS   SFR0           

        CLASS   SFR1           

        CLASS   SFR2           

        CLASS   SFR3           

        CLASS   CONFIG         
                config                             2007     2007        1         4

        CLASS   IDLOC          

        CLASS   EEDATA         



SEGMENTS        Name                           Load    Length   Top    Selector   Space  Class     Delta

                reset_vec                      000000  000003  000003         0       0  CODE        2
                intentry                       000004  000335  000339         8       0  CODE        2
                cstackBANK0                    000020  00002E  00004E        20       1  BANK0       1
                cstackCOMMON                   000070  00000A  00007A        70       1  COMMON      1
                strings                        000339  00003F  000378       672       0  STRING      2
                text14                         000378  000190  000508       6F0       0  CODE        2


UNUSED ADDRESS RANGES

        Name                Unused          Largest block    Delta
        BANK0            004E-006F             22           1
        BANK1            00A0-00EF             50           1
        BANK2            0110-016F             60           1
        BANK3            0190-01EF             60           1
        CODE             0003-0003              1           2
                         0508-1FFF            800
        COMMON           007A-007D              4           1
        CONST            0003-0003              1           2
                         0508-1FFF            100
        EEDATA           2100-21FF            100           2
        ENTRY            0003-0003              1           2
                         0508-1FFF            100
        IDLOC            2000-2003              4           2
        RAM              004E-006F             22           1
                         00A0-00EF             50
                         0110-016F             60
                         0190-01EF             60
        SFR0             0000-001F             20           1
        SFR1             0080-009F             20           1
        SFR2             0100-010F             10           1
        SFR3             0180-018F             10           1
        STACK            0110-016F             60           1
        STRCODE          0003-0003              1           2
                         0508-1FFF           1AF8
        STRING           0003-0003              1           2
                         0508-1FFF            100

                                  Symbol Table

?___awdiv                   cstackBANK0  0020
?___awmod                   cstackBANK0  0020
?___wmul                    cstackBANK0  0020
Lcd8_Cmd@a                  cstackBANK0  0023
Lcd8_Port@a                 cstackBANK0  0020
Lcd8_Set_Cursor@a           cstackBANK0  0025
Lcd8_Set_Cursor@b           cstackBANK0  0024
Lcd8_Write_Char@a           cstackBANK0  0023
Lcd8_Write_String@a         cstackBANK0  0024
Lcd8_Write_String@i         cstackBANK0  0029
Rotation0@i                 cstackBANK0  0022
Rotation90@i                cstackBANK0  0022
_BRGH                       (abs)        04C2
_CREN                       (abs)        00C4
_GIE                        (abs)        005F
_INTE                       (abs)        005C
_INTEDG                     (abs)        040E
_INTF                       (abs)        0059
_ISR                        text15       03E7
_Lcd8_Cmd                   text13       04DB
_Lcd8_Init                  text12       029F
_Lcd8_Port                  text14       0378
_Lcd8_Set_Cursor            text9        04A1
_Lcd8_Write_Char            text8        04BF
_Lcd8_Write_String          text7        02F3
_PEIE                       (abs)        005E
_PORTB                      (abs)        0006
_RB1                        (abs)        0031
_RB3                        (abs)        0033
_RB4                        (abs)        0034
_RB7                        (abs)        0037
_RC0                        (abs)        0038
_RC2                        (abs)        003A
_RCIE                       (abs)        0465
_RCIF                       (abs)        0065
_RCREG                      (abs)        001A
_RD0                        (abs)        0040
_RD1                        (abs)        0041
_RD2                        (abs)        0042
_RD3                        (abs)        0043
_RD4                        (abs)        0044
_RD5                        (abs)        0045
_RD6                        (abs)        0046
_RD7                        (abs)        0047
_Rotation0                  text11       041A
_Rotation90                 text10       03B4
_SPBRG                      (abs)        0099
_SPEN                       (abs)        00C7
_SYNC                       (abs)        04C4
_T1CKPS0                    (abs)        0084
_T1CKPS1                    (abs)        0085
_TMR1                       (abs)        000E
_TMR1CS                     (abs)        0081
_TMR1IE                     (abs)        0460
_TMR1IF                     (abs)        0060
_TMR1ON                     (abs)        0080
_TRISB                      (abs)        0086
_TRISC                      (abs)        0087
_TRISC6                     (abs)        043E
_TRISC7                     (abs)        043F
_TRISD                      (abs)        0088
__Habs1                     abs1         0000
__Hbank0                    bank0        0000
__Hbank1                    bank1        0000
__Hbank2                    bank2        0000
__Hbank3                    bank3        0000
__HbssBANK0                 bssBANK0     0000
__HbssCOMMON                bssCOMMON    0000
__Hcinit                    cinit        0029
__Hclrtext                  clrtext      0000
__Hcode                     code         0000
__Hcommon                   common       0000
__Hconfig                   config       2008
__HcstackBANK0              cstackBANK0  0000
__HcstackCOMMON             cstackCOMMON 0000
__HdataBANK0                dataBANK0    0000
__Heeprom_data              eeprom_data  0000
__Hend_init                 end_init     000F
__Hfunctab                  functab      0000
__HidataBANK0               idataBANK0   0000
__Hinit                     init         000C
__Hintentry                 intentry     000C
__Hmaintext                 maintext     0000
__Hpowerup                  powerup      0000
__Hram                      ram          0000
__Hreset_vec                reset_vec    0003
__Hsfr0                     sfr0         0000
__Hsfr1                     sfr1         0000
__Hsfr2                     sfr2         0000
__Hsfr3                     sfr3         0000
__Hspace_0                  (abs)        0508
__Hspace_1                  (abs)        007A
__Hspace_2                  (abs)        0000
__Hspace_3                  (abs)        0000
__Hspace_4                  (abs)        400F
__Hstack                    stack        0000
__Hstrings                  strings      0000
__Htext                     text         0000
__Labs1                     abs1         0000
__Lbank0                    bank0        0000
__Lbank1                    bank1        0000
__Lbank2                    bank2        0000
__Lbank3                    bank3        0000
__LbssBANK0                 bssBANK0     0000
__LbssCOMMON                bssCOMMON    0000
__Lcinit                    cinit        000F
__Lclrtext                  clrtext      0000
__Lcode                     code         0000
__Lcommon                   common       0000
__Lconfig                   config       0000
__LcstackBANK0              cstackBANK0  0000
__LcstackCOMMON             cstackCOMMON 0000
__LdataBANK0                dataBANK0    0000
__Leeprom_data              eeprom_data  0000
__Lend_init                 end_init     000C
__Lfunctab                  functab      0000
__LidataBANK0               idataBANK0   0000
__Linit                     init         000C
__Lintentry                 intentry     0004
__Lmaintext                 maintext     0000
__Lpowerup                  powerup      0000
__Lram                      ram          0000
__Lreset_vec                reset_vec    0000
__Lsfr0                     sfr0         0000
__Lsfr1                     sfr1         0000
__Lsfr2                     sfr2         0000
__Lsfr3                     sfr3         0000
__Lspace_0                  (abs)        0000
__Lspace_1                  (abs)        0000
__Lspace_2                  (abs)        0000
__Lspace_3                  (abs)        0000
__Lspace_4                  (abs)        0000
__Lstack                    stack        0000
__Lstrings                  strings      0000
__Ltext                     text         0000
__S0                        (abs)        0508
__S1                        (abs)        007A
__S2                        (abs)        0000
__S3                        (abs)        0000
___awdiv                    text6        0177
___awdiv@counter            cstackBANK0  0025
___awdiv@dividend           cstackBANK0  0022
___awdiv@divisor            cstackBANK0  0020
___awdiv@quotient           cstackBANK0  0027
___awdiv@sign               cstackBANK0  0026
___awmod                    text5        0244
___awmod@counter            cstackBANK0  0025
___awmod@dividend           cstackBANK0  0022
___awmod@divisor            cstackBANK0  0020
___awmod@sign               cstackBANK0  0026
___int_sp                   stack        0000
___latbits                  (abs)        0002
___sp                       stack        0000
___stackhi                  (abs)        0000
___stacklo                  (abs)        0000
___wmul                     text4        047A
___wmul@multiplicand        cstackBANK0  0022
___wmul@multiplier          cstackBANK0  0020
___wmul@product             cstackBANK0  0024
__end_of_ISR                text15       041A
__end_of_Lcd8_Cmd           text13       04F7
__end_of_Lcd8_Init          text12       02F3
__end_of_Lcd8_Port          text14       03B4
__end_of_Lcd8_Set_Cursor    text9        04BF
__end_of_Lcd8_Write_Char    text8        04DB
__end_of_Lcd8_Write_String  text7        0339
__end_of_Rotation0          text11       044B
__end_of_Rotation90         text10       03E7
__end_of___awdiv            text6        01E0
__end_of___awmod            text5        029F
__end_of___wmul             text4        04A1
__end_of__initialization    cinit        0025
__end_of__stringtab         strings      0349
__end_of_checkGateStatus    text2        0244
__end_of_main               maintext     0177
__end_of_timerInit          text1        0506
__end_of_toa                text3        00E3
__end_ofi1_Rotation90       text16       047A
__initialization            cinit        000F
__pbssBANK0                 bssBANK0     0046
__pbssCOMMON                bssCOMMON    0076
__pcstackBANK0              cstackBANK0  0020
__pcstackCOMMON             cstackCOMMON 0070
__pdataBANK0                dataBANK0    004C
__pidataBANK0               idataBANK0   0506
__pintentry                 intentry     0004
__pmaintext                 maintext     00E3
__pstrings                  strings      0339
__ptext1                    text1        04F7
__ptext10                   text10       03B4
__ptext11                   text11       041A
__ptext12                   text12       029F
__ptext13                   text13       04DB
__ptext14                   text14       0378
__ptext15                   text15       03E7
__ptext16                   text16       044B
__ptext2                    text2        01E0
__ptext3                    text3        0029
__ptext4                    text4        047A
__ptext5                    text5        0244
__ptext6                    text6        0177
__ptext7                    text7        02F3
__ptext8                    text8        04BF
__ptext9                    text9        04A1
__size_of_ISR               (abs)        0000
__size_of_Lcd8_Cmd          (abs)        0000
__size_of_Lcd8_Init         (abs)        0000
__size_of_Lcd8_Port         (abs)        0000
__size_of_Lcd8_Set_Cursor   (abs)        0000
__size_of_Lcd8_Write_Char   (abs)        0000
__size_of_Lcd8_Write_String (abs)        0000
__size_of_Rotation0         (abs)        0000
__size_of_Rotation90        (abs)        0000
__size_of___awdiv           (abs)        0000
__size_of___awmod           (abs)        0000
__size_of___wmul            (abs)        0000
__size_of_checkGateStatus   (abs)        0000
__size_of_main              (abs)        0000
__size_of_timerInit         (abs)        0000
__size_of_toa               (abs)        0000
__size_ofi1_Rotation90      (abs)        0000
__stringbase                strings      0348
__stringtab                 strings      0339
_checkGateStatus            text2        01E0
_counter                    bssCOMMON    0078
_isOpened                   bssBANK0     0046
_lock                       bssBANK0     0048
_main                       maintext     00E3
_numberID                   bssCOMMON    0076
_park                       dataBANK0    004C
_parkingTime                bssBANK0     004A
_timerInit                  text1        04F7
_toa                        text3        0029
btemp                       (abs)        007E
checkGateStatus@string      cstackBANK0  0032
end_of_initialization       cinit        0025
i1Rotation90@i              cstackCOMMON 0072
i1_Rotation90               text16       044B
interrupt_function          intentry     0004
intlevel0                   functab      0000
intlevel1                   functab      0000
intlevel2                   functab      0000
intlevel3                   functab      0000
intlevel4                   functab      0000
intlevel5                   functab      0000
reset_vec                   reset_vec    0000
saved_w                     (abs)        007E
start                       init         000C
start_initialization        cinit        000F
toa@count                   cstackBANK0  002D
toa@ptr                     cstackBANK0  002B
toa@temp                    cstackBANK0  002F
toa@value                   cstackBANK0  0029
wtemp0                      (abs)        007E


FUNCTION INFORMATION:

 *************** function _main *****************
 Defined at:
		line 152 in file "parkingCar.c"
 Parameters:    Size  Location     Type
		None
 Auto vars:     Size  Location     Type
  id             13    0        unsigned char [13]
  i               2    0        int 
 Return value:  Size  Location     Type
                  1    wreg      void 
 Registers used:
		wreg, fsr0l, fsr0h, status,2, status,0, btemp+1, pclath, cstack
 Tracked objects:
		On entry : 
		On exit  : 
		Unchanged: 
 Data sizes:     COMMON   BANK0   BANK1   BANK3   BANK2
      Params:         0       0       0       0       0
      Locals:         0       0       0       0       0
      Temps:          0       0       0       0       0
      Totals:         0       0       0       0       0
Total ram usage:        0 bytes
 Hardware stack levels required when called:    6
 This function calls:
		_Lcd8_Init
		_Lcd8_Set_Cursor
		_Lcd8_Write_String
		_Rotation0
		_Rotation90
		_checkGateStatus
		_timerInit
 This function is called by:
		Startup code after reset
 This function uses a non-reentrant model


 *************** function _timerInit *****************
 Defined at:
		line 115 in file "parkingCar.c"
 Parameters:    Size  Location     Type
		None
 Auto vars:     Size  Location     Type
		None
 Return value:  Size  Location     Type
                  1    wreg      void 
 Registers used:
		status,2
 Tracked objects:
		On entry : 
		On exit  : 
		Unchanged: 
 Data sizes:     COMMON   BANK0   BANK1   BANK3   BANK2
      Params:         0       0       0       0       0
      Locals:         0       0       0       0       0
      Temps:          0       0       0       0       0
      Totals:         0       0       0       0       0
Total ram usage:        0 bytes
 Hardware stack levels used:    1
 Hardware stack levels required when called:    2
 This function calls:
		Nothing
 This function is called by:
		_main
 This function uses a non-reentrant model


 *************** function _checkGateStatus *****************
 Defined at:
		line 133 in file "parkingCar.c"
 Parameters:    Size  Location     Type
		None
 Auto vars:     Size  Location     Type
  string         20   18[BANK0 ] unsigned char [20]
 Return value:  Size  Location     Type
                  1    wreg      void 
 Registers used:
		wreg, fsr0l, fsr0h, status,2, status,0, btemp+1, pclath, cstack
 Tracked objects:
		On entry : 
		On exit  : 
		Unchanged: 
 Data sizes:     COMMON   BANK0   BANK1   BANK3   BANK2
      Params:         0       0       0       0       0
      Locals:         0      20       0       0       0
      Temps:          0       1       0       0       0
      Totals:         0      21       0       0       0
Total ram usage:       21 bytes
 Hardware stack levels used:    1
 Hardware stack levels required when called:    5
 This function calls:
		_Lcd8_Set_Cursor
		_Lcd8_Write_String
		_toa
 This function is called by:
		_main
 This function uses a non-reentrant model


 *************** function _toa *****************
 Defined at:
		line 54 in file "parkingCar.c"
 Parameters:    Size  Location     Type
  value           2    9[BANK0 ] int 
  ptr             1   11[BANK0 ] PTR unsigned char 
		 -> checkGateStatus@string(20), 
 Auto vars:     Size  Location     Type
  temp            2   15[BANK0 ] int 
  count           2   13[BANK0 ] int 
 Return value:  Size  Location     Type
                  2    9[BANK0 ] int 
 Registers used:
		wreg, fsr0l, fsr0h, status,2, status,0, btemp+1, pclath, cstack
 Tracked objects:
		On entry : 
		On exit  : 
		Unchanged: 
 Data sizes:     COMMON   BANK0   BANK1   BANK3   BANK2
      Params:         0       3       0       0       0
      Locals:         0       4       0       0       0
      Temps:          0       1       0       0       0
      Totals:         0       8       0       0       0
Total ram usage:        8 bytes
 Hardware stack levels used:    1
 Hardware stack levels required when called:    3
 This function calls:
		___awdiv
		___awmod
		___wmul
 This function is called by:
		_checkGateStatus
 This function uses a non-reentrant model


 *************** function ___wmul *****************
 Defined at:
		line 15 in file "C:\Program Files\Microchip\xc8\v2.30\pic\sources\c90\common\Umul16.c"
 Parameters:    Size  Location     Type
  multiplier      2    0[BANK0 ] unsigned int 
  multiplicand    2    2[BANK0 ] unsigned int 
 Auto vars:     Size  Location     Type
  product         2    4[BANK0 ] unsigned int 
 Return value:  Size  Location     Type
                  2    0[BANK0 ] unsigned int 
 Registers used:
		wreg, status,2, status,0
 Tracked objects:
		On entry : 
		On exit  : 
		Unchanged: 
 Data sizes:     COMMON   BANK0   BANK1   BANK3   BANK2
      Params:         0       4       0       0       0
      Locals:         0       2       0       0       0
      Temps:          0       0       0       0       0
      Totals:         0       6       0       0       0
Total ram usage:        6 bytes
 Hardware stack levels used:    1
 Hardware stack levels required when called:    2
 This function calls:
		Nothing
 This function is called by:
		_toa
 This function uses a non-reentrant model


 *************** function ___awmod *****************
 Defined at:
		line 5 in file "C:\Program Files\Microchip\xc8\v2.30\pic\sources\c90\common\awmod.c"
 Parameters:    Size  Location     Type
  divisor         2    0[BANK0 ] int 
  dividend        2    2[BANK0 ] int 
 Auto vars:     Size  Location     Type
  sign            1    6[BANK0 ] unsigned char 
  counter         1    5[BANK0 ] unsigned char 
 Return value:  Size  Location     Type
                  2    0[BANK0 ] int 
 Registers used:
		wreg, status,2, status,0
 Tracked objects:
		On entry : 
		On exit  : 
		Unchanged: 
 Data sizes:     COMMON   BANK0   BANK1   BANK3   BANK2
      Params:         0       4       0       0       0
      Locals:         0       2       0       0       0
      Temps:          0       1       0       0       0
      Totals:         0       7       0       0       0
Total ram usage:        7 bytes
 Hardware stack levels used:    1
 Hardware stack levels required when called:    2
 This function calls:
		Nothing
 This function is called by:
		_toa
 This function uses a non-reentrant model


 *************** function ___awdiv *****************
 Defined at:
		line 5 in file "C:\Program Files\Microchip\xc8\v2.30\pic\sources\c90\common\awdiv.c"
 Parameters:    Size  Location     Type
  divisor         2    0[BANK0 ] int 
  dividend        2    2[BANK0 ] int 
 Auto vars:     Size  Location     Type
  quotient        2    7[BANK0 ] int 
  sign            1    6[BANK0 ] unsigned char 
  counter         1    5[BANK0 ] unsigned char 
 Return value:  Size  Location     Type
                  2    0[BANK0 ] int 
 Registers used:
		wreg, status,2, status,0
 Tracked objects:
		On entry : 
		On exit  : 
		Unchanged: 
 Data sizes:     COMMON   BANK0   BANK1   BANK3   BANK2
      Params:         0       4       0       0       0
      Locals:         0       4       0       0       0
      Temps:          0       1       0       0       0
      Totals:         0       9       0       0       0
Total ram usage:        9 bytes
 Hardware stack levels used:    1
 Hardware stack levels required when called:    2
 This function calls:
		Nothing
 This function is called by:
		_toa
 This function uses a non-reentrant model


 *************** function _Lcd8_Write_String *****************
 Defined at:
		line 105 in file "./lcd.h"
 Parameters:    Size  Location     Type
  a               2    4[BANK0 ] PTR unsigned char 
		 -> STR_5(10), checkGateStatus@string(20), STR_4(8), STR_3(8), 
		 -> STR_2(8), 
 Auto vars:     Size  Location     Type
  i               2    9[BANK0 ] int 
 Return value:  Size  Location     Type
                  1    wreg      void 
 Registers used:
		wreg, fsr0l, fsr0h, status,2, status,0, btemp+1, pclath, cstack
 Tracked objects:
		On entry : 
		On exit  : 
		Unchanged: 
 Data sizes:     COMMON   BANK0   BANK1   BANK3   BANK2
      Params:         0       2       0       0       0
      Locals:         0       2       0       0       0
      Temps:          0       3       0       0       0
      Totals:         0       7       0       0       0
Total ram usage:        7 bytes
 Hardware stack levels used:    1
 Hardware stack levels required when called:    4
 This function calls:
		_Lcd8_Write_Char
 This function is called by:
		_checkGateStatus
		_main
 This function uses a non-reentrant model


 *************** function _Lcd8_Write_Char *****************
 Defined at:
		line 96 in file "./lcd.h"
 Parameters:    Size  Location     Type
  a               1    wreg     unsigned char 
 Auto vars:     Size  Location     Type
  a               1    3[BANK0 ] unsigned char 
 Return value:  Size  Location     Type
                  1    wreg      void 
 Registers used:
		wreg, status,2, status,0, pclath, cstack
 Tracked objects:
		On entry : 
		On exit  : 
		Unchanged: 
 Data sizes:     COMMON   BANK0   BANK1   BANK3   BANK2
      Params:         0       0       0       0       0
      Locals:         0       1       0       0       0
      Temps:          0       2       0       0       0
      Totals:         0       3       0       0       0
Total ram usage:        3 bytes
 Hardware stack levels used:    1
 Hardware stack levels required when called:    3
 This function calls:
		_Lcd8_Port
 This function is called by:
		_Lcd8_Write_String
 This function uses a non-reentrant model


 *************** function _Lcd8_Set_Cursor *****************
 Defined at:
		line 70 in file "./lcd.h"
 Parameters:    Size  Location     Type
  a               1    wreg     unsigned char 
  b               1    4[BANK0 ] unsigned char 
 Auto vars:     Size  Location     Type
  a               1    5[BANK0 ] unsigned char 
 Return value:  Size  Location     Type
                  1    wreg      void 
 Registers used:
		wreg, status,2, status,0, pclath, cstack
 Tracked objects:
		On entry : 
		On exit  : 
		Unchanged: 
 Data sizes:     COMMON   BANK0   BANK1   BANK3   BANK2
      Params:         0       1       0       0       0
      Locals:         0       1       0       0       0
      Temps:          0       0       0       0       0
      Totals:         0       2       0       0       0
Total ram usage:        2 bytes
 Hardware stack levels used:    1
 Hardware stack levels required when called:    4
 This function calls:
		_Lcd8_Cmd
 This function is called by:
		_checkGateStatus
		_main
 This function uses a non-reentrant model


 *************** function _Rotation90 *****************
 Defined at:
		line 216 in file "parkingCar.c"
 Parameters:    Size  Location     Type
		None
 Auto vars:     Size  Location     Type
  i               2    2[BANK0 ] unsigned int 
 Return value:  Size  Location     Type
                  1    wreg      void 
 Registers used:
		wreg, status,2
 Tracked objects:
		On entry : 
		On exit  : 
		Unchanged: 
 Data sizes:     COMMON   BANK0   BANK1   BANK3   BANK2
      Params:         0       0       0       0       0
      Locals:         0       2       0       0       0
      Temps:          0       2       0       0       0
      Totals:         0       4       0       0       0
Total ram usage:        4 bytes
 Hardware stack levels used:    1
 Hardware stack levels required when called:    2
 This function calls:
		Nothing
 This function is called by:
		_main
 This function uses a non-reentrant model


 *************** function _Rotation0 *****************
 Defined at:
		line 203 in file "parkingCar.c"
 Parameters:    Size  Location     Type
		None
 Auto vars:     Size  Location     Type
  i               2    2[BANK0 ] unsigned int 
 Return value:  Size  Location     Type
                  1    wreg      void 
 Registers used:
		wreg, status,2
 Tracked objects:
		On entry : 
		On exit  : 
		Unchanged: 
 Data sizes:     COMMON   BANK0   BANK1   BANK3   BANK2
      Params:         0       0       0       0       0
      Locals:         0       2       0       0       0
      Temps:          0       2       0       0       0
      Totals:         0       4       0       0       0
Total ram usage:        4 bytes
 Hardware stack levels used:    1
 Hardware stack levels required when called:    2
 This function calls:
		Nothing
 This function is called by:
		_main
 This function uses a non-reentrant model


 *************** function _Lcd8_Init *****************
 Defined at:
		line 78 in file "./lcd.h"
 Parameters:    Size  Location     Type
		None
 Auto vars:     Size  Location     Type
		None
 Return value:  Size  Location     Type
                  1    wreg      void 
 Registers used:
		wreg, status,2, status,0, pclath, cstack
 Tracked objects:
		On entry : 
		On exit  : 
		Unchanged: 
 Data sizes:     COMMON   BANK0   BANK1   BANK3   BANK2
      Params:         0       0       0       0       0
      Locals:         0       0       0       0       0
      Temps:          0       2       0       0       0
      Totals:         0       2       0       0       0
Total ram usage:        2 bytes
 Hardware stack levels used:    1
 Hardware stack levels required when called:    4
 This function calls:
		_Lcd8_Cmd
		_Lcd8_Port
 This function is called by:
		_main
 This function uses a non-reentrant model


 *************** function _Lcd8_Cmd *****************
 Defined at:
		line 56 in file "./lcd.h"
 Parameters:    Size  Location     Type
  a               1    wreg     unsigned char 
 Auto vars:     Size  Location     Type
  a               1    3[BANK0 ] unsigned char 
 Return value:  Size  Location     Type
                  1    wreg      void 
 Registers used:
		wreg, status,2, status,0, pclath, cstack
 Tracked objects:
		On entry : 
		On exit  : 
		Unchanged: 
 Data sizes:     COMMON   BANK0   BANK1   BANK3   BANK2
      Params:         0       0       0       0       0
      Locals:         0       1       0       0       0
      Temps:          0       2       0       0       0
      Totals:         0       3       0       0       0
Total ram usage:        3 bytes
 Hardware stack levels used:    1
 Hardware stack levels required when called:    3
 This function calls:
		_Lcd8_Port
 This function is called by:
		_Lcd8_Set_Cursor
		_Lcd8_Init
		_Lcd8_Clear
		_Lcd8_Shift_Right
		_Lcd8_Shift_Left
 This function uses a non-reentrant model


 *************** function _Lcd8_Port *****************
 Defined at:
		line 14 in file "./lcd.h"
 Parameters:    Size  Location     Type
  a               1    wreg     unsigned char 
 Auto vars:     Size  Location     Type
  a               1    0[BANK0 ] unsigned char 
 Return value:  Size  Location     Type
                  1    wreg      void 
 Registers used:
		wreg
 Tracked objects:
		On entry : 
		On exit  : 
		Unchanged: 
 Data sizes:     COMMON   BANK0   BANK1   BANK3   BANK2
      Params:         0       0       0       0       0
      Locals:         0       1       0       0       0
      Temps:          0       0       0       0       0
      Totals:         0       1       0       0       0
Total ram usage:        1 bytes
 Hardware stack levels used:    1
 Hardware stack levels required when called:    2
 This function calls:
		Nothing
 This function is called by:
		_Lcd8_Cmd
		_Lcd8_Init
		_Lcd8_Write_Char
 This function uses a non-reentrant model


 *************** function _ISR *****************
 Defined at:
		line 229 in file "parkingCar.c"
 Parameters:    Size  Location     Type
		None
 Auto vars:     Size  Location     Type
		None
 Return value:  Size  Location     Type
                  1    wreg      void 
 Registers used:
		wreg, status,2, status,0, pclath, cstack
 Tracked objects:
		On entry : 
		On exit  : 
		Unchanged: 
 Data sizes:     COMMON   BANK0   BANK1   BANK3   BANK2
      Params:         0       0       0       0       0
      Locals:         0       0       0       0       0
      Temps:          2       0       0       0       0
      Totals:         2       0       0       0       0
Total ram usage:        2 bytes
 Hardware stack levels used:    1
 Hardware stack levels required when called:    1
 This function calls:
		i1_Rotation90
 This function is called by:
		Interrupt level 1
 This function uses a non-reentrant model


 *************** function i1_Rotation90 *****************
 Defined at:
		line 216 in file "parkingCar.c"
 Parameters:    Size  Location     Type
		None
 Auto vars:     Size  Location     Type
  i               2    2[COMMON] unsigned int 
 Return value:  Size  Location     Type
                  1    wreg      void 
 Registers used:
		wreg, status,2
 Tracked objects:
		On entry : 
		On exit  : 
		Unchanged: 
 Data sizes:     COMMON   BANK0   BANK1   BANK3   BANK2
      Params:         0       0       0       0       0
      Locals:         2       0       0       0       0
      Temps:          2       0       0       0       0
      Totals:         4       0       0       0       0
Total ram usage:        4 bytes
 Hardware stack levels used:    1
 This function calls:
		Nothing
 This function is called by:
		_ISR
 This function uses a non-reentrant model



MODULE INFORMATION

Module		Function		Class		Link	Load	Size
parkingCar.c
		_Rotation0     		CODE           	041A	0000	49
		_Rotation90    		CODE           	03B4	0000	51
		_ISR           		CODE           	03E7	0000	51
		_main          		CODE           	00E3	0000	148
		_timerInit     		CODE           	04F7	0000	15
		_checkGateStatus		CODE           	01E0	0000	100
		_toa           		CODE           	0029	0000	186

parkingCar.c estimated size: 600

C:\Program Files\Microchip\xc8\v2.30\pic\sources\c90\common\awmod.c
		___awmod       		CODE           	0244	0000	91

C:\Program Files\Microchip\xc8\v2.30\pic\sources\c90\common\awmod.c estimated size: 91

./lcd.h
		_Lcd8_Write_String		CODE           	02F3	0000	70
		_Lcd8_Set_Cursor		CODE           	04A1	0000	30
		_Lcd8_Init     		CODE           	029F	0000	84
		_Lcd8_Port     		CODE           	0378	0000	60
		_Lcd8_Write_Char		CODE           	04BF	0000	28
		_Lcd8_Cmd      		CODE           	04DB	0000	28

./lcd.h estimated size: 300

C:\Program Files\Microchip\xc8\v2.30\pic\sources\c90\common\awdiv.c
		___awdiv       		CODE           	0177	0000	105

C:\Program Files\Microchip\xc8\v2.30\pic\sources\c90\common\awdiv.c estimated size: 105

shared
		__stringtab    		STRING         	0339	0000	16
		__initialization		CODE           	000F	0000	22
		i1_Rotation90  		CODE           	044B	0000	47

shared estimated size: 85

C:\Program Files\Microchip\xc8\v2.30\pic\sources\c90\common\Umul16.c
		___wmul        		CODE           	047A	0000	39

C:\Program Files\Microchip\xc8\v2.30\pic\sources\c90\common\Umul16.c estimated size: 39

