Microchip MPLAB XC8 Compiler V2.30

Linker command line:

-W-3 --edf=C:\Program Files\Microchip\xc8\v2.30\pic\dat\en_msgs.txt -cn \
  -h+dist/default/production\parkingCar.X.production.sym \
  --cmf=dist/default/production\parkingCar.X.production.cmf -z -Q16F877A \
  -oC:\Users\doank\AppData\Local\Temp\s29sx2 --defsym=__MPLAB_BUILD=1 \
  -Mdist/default/production/parkingCar.X.production.map -E1 \
  -ver=XC8 Compiler --acfsm=1493 -ASTACK=0110h-016Fh -pstack=STACK \
  -ACODE=00h-07FFhx4 -ASTRCODE=00h-01FFFh -ASTRING=00h-0FFhx32 \
  -ACONST=00h-0FFhx32 -AENTRY=00h-0FFhx32 -ACOMMON=070h-07Fh \
  -ABANK0=020h-06Fh -ABANK1=0A0h-0EFh -ABANK2=0110h-016Fh \
  -ABANK3=0190h-01EFh -ARAM=020h-06Fh,0A0h-0EFh,0110h-016Fh,0190h-01EFh \
  -AABS1=020h-07Fh,0A0h-0EFh,0110h-016Fh,0190h-01EFh -ASFR0=00h-01Fh \
  -ASFR1=080h-09Fh -ASFR2=0100h-010Fh -ASFR3=0180h-018Fh \
  -ACONFIG=02007h-02007h -DCONFIG=2 -AIDLOC=02000h-02003h -DIDLOC=2 \
  -AEEDATA=00h-0FFh/02100h -peeprom_data=EEDATA -DEEDATA=2 -DCODE=2 \
  -DSTRCODE=2 -DSTRING=2 -DCONST=2 -DENTRY=2 \
  -preset_vec=00h,intentry=04h,init,end_init -ppowerup=CODE -pcinit=CODE \
  -pfunctab=ENTRY -k C:\Users\doank\AppData\Local\Temp\s29sxh.o \
  dist/default/production\parkingCar.X.production.o 

Object code version is 3.11

Machine type is 16F877A



                Name                               Link     Load   Length Selector   Space Scale
C:\Users\doank\AppData\Local\Temp\s29sxh.o
                end_init                              C        C        3        8       0
                reset_vec                             0        0        3        0       0
dist/default/production\parkingCar.X.production.o
                cinit                                 F        F       10        8       0
                intentry                              4        4        8        8       0
                text19                              3E9      3E9       2D      48A       0
                text18                              327      327       33      48A       0
                text17                              282      282       3C      48A       0
                text16                              46D      46D       1C      48A       0
                text15                              11D      11D       54        8       0
                text14                              3BA      3BA       2F      48A       0
                text13                              2F3      2F3       34      48A       0
                text12                              1B7      1B7       46        8       0
                text11                              38A      38A       30      48A       0
                text10                              35A      35A       30      48A       0
                text9                               416      416       1E      48A       0
                text8                               451      451       1C      48A       0
                text7                               171      171       46        8       0
                text6                               245      245       3D      48A       0
                text5                               2BE      2BE       35      48A       0
                text4                               434      434       1D      48A       0
                text3                               4A9      4A9        9      48A       0
                text2                               489      489       11      48A       0
                text1                               49A      49A        F      48A       0
                maintext                             1F       1F       FE        8       0
                cstackBANK0                          20       20       1F       20       1
                cstackCOMMON                         76       76        6       70       1
                bssBANK0                             3F       3F        4       20       1
                bssCOMMON                            70       70        6       70       1
                strings                             200      200       45      400       0

TOTAL           Name                               Link     Load   Length     Space
        CLASS   STACK          

        CLASS   CODE           
                end_init                              C        C        3         0
                cinit                                 F        F       10         0
                intentry                              4        4        8         0
                reset_vec                             0        0        3         0
                text19                              3E9      3E9       2D         0
                text18                              327      327       33         0
                text17                              282      282       3C         0
                text16                              46D      46D       1C         0
                text15                              11D      11D       54         0
                text14                              3BA      3BA       2F         0
                text13                              2F3      2F3       34         0
                text12                              1B7      1B7       46         0
                text11                              38A      38A       30         0
                text10                              35A      35A       30         0
                text9                               416      416       1E         0
                text8                               451      451       1C         0
                text7                               171      171       46         0
                text6                               245      245       3D         0
                text5                               2BE      2BE       35         0
                text4                               434      434       1D         0
                text3                               4A9      4A9        9         0
                text2                               489      489       11         0
                text1                               49A      49A        F         0
                maintext                             1F       1F       FE         0

        CLASS   STRCODE        

        CLASS   STRING         
                strings                             200      200       45         0

        CLASS   CONST          

        CLASS   ENTRY          

        CLASS   COMMON         
                cstackCOMMON                         76       76        6         1
                bssCOMMON                            70       70        6         1

        CLASS   BANK0          
                cstackBANK0                          20       20       1F         1
                bssBANK0                             3F       3F        4         1

        CLASS   BANK1          

        CLASS   BANK2          

        CLASS   BANK3          

        CLASS   RAM            

        CLASS   ABS1           
                abs_s1                               7E       7E        2         1

        CLASS   SFR0           

        CLASS   SFR1           

        CLASS   SFR2           

        CLASS   SFR3           

        CLASS   CONFIG         

        CLASS   IDLOC          

        CLASS   EEDATA         



SEGMENTS        Name                           Load    Length   Top    Selector   Space  Class     Delta

                reset_vec                      000000  000003  000003         0       0  CODE        2
                intentry                       000004  0001F9  0001FD         8       0  CODE        2
                cstackBANK0                    000020  000023  000043        20       1  BANK0       1
                bssCOMMON                      000070  00000C  00007C        70       1  COMMON      1
                strings                        000200  000045  000245       400       0  STRING      2
                text6                          000245  00026D  0004B2       48A       0  CODE        2


UNUSED ADDRESS RANGES

        Name                Unused          Largest block    Delta
        BANK0            043-06F            2D           1
        BANK1            0A0-0EF            50           1
        BANK2            110-16F            60           1
        BANK3            190-1EF            60           1
        CODE             003-003             1           2
                         1FD-1FF             3
                         4B2-1FFF           800
        COMMON           07C-07D             2           1
        CONFIG           2007-2007             1           2
        CONST            003-003             1           2
                         1FD-1FF             3
                         4B2-1FFF           100
        EEDATA           2100-21FF           100           2
        ENTRY            003-003             1           2
                         1FD-1FF             3
                         4B2-1FFF           100
        IDLOC            2000-2003             4           2
        RAM              043-06F            2D           1
                         0A0-0EF            50
                         110-16F            60
                         190-1EF            60
        SFR0             000-01F            20           1
        SFR1             080-09F            20           1
        SFR2             100-10F            10           1
        SFR3             180-18F            10           1
        STACK            110-16F            60           1
        STRCODE          003-003             1           2
                         1FD-1FF             3
                         4B2-1FFF          1B4E
        STRING           003-003             1           2
                         1FD-1FF             3
                         4B2-1FFF           100

                                  Symbol Table

?___lwdiv                   cstackBANK0  020
?_adc                       cstackBANK0  028
?_adc1                      cstackBANK0  028
?_checkID2                  cstackBANK0  027
?_strcmp                    cstackBANK0  020
Lcd8_Cmd@a                  cstackBANK0  023
Lcd8_Port@a                 cstackBANK0  020
Lcd8_Set_Cursor@a           cstackBANK0  025
Lcd8_Set_Cursor@b           cstackBANK0  024
Lcd8_Write_Char@a           cstackBANK0  023
Lcd8_Write_String@a         cstackBANK0  024
Lcd8_Write_String@i         cstackBANK0  029
Rotation0@i                 cstackBANK0  022
Rotation90@i                cstackBANK0  022
_ADCON0                     (abs)        01F
_ADCON1                     (abs)        09F
_ADRESH                     (abs)        01E
_ADRESL                     (abs)        09E
_GIE                        (abs)        05F
_GO_nDONE                   (abs)        0FA
_INTE                       (abs)        05C
_INTEDG                     (abs)        40E
_INTF                       (abs)        059
_ISR                        text18       327
_Lcd8_Cmd                   text16       46D
_Lcd8_Init                  text15       11D
_Lcd8_Port                  text17       282
_Lcd8_Set_Cursor            text9        416
_Lcd8_Write_Char            text8        451
_Lcd8_Write_String          text7        171
_PEIE                       (abs)        05E
_RB1                        (abs)        031
_RB7                        (abs)        037
_RC0                        (abs)        038
_RC2                        (abs)        03A
_RC3                        (abs)        03B
_RC4                        (abs)        03C
_RC5                        (abs)        03D
_RCIF                       (abs)        065
_RCREG                      (abs)        01A
_RCSTA                      (abs)        018
_RD0                        (abs)        040
_RD1                        (abs)        041
_RD2                        (abs)        042
_RD3                        (abs)        043
_RD4                        (abs)        044
_RD5                        (abs)        045
_RD6                        (abs)        046
_RD7                        (abs)        047
_Rotation0                  text14       3BA
_Rotation90                 text13       2F3
_SPBRG                      (abs)        099
_T1CKPS0                    (abs)        084
_T1CKPS1                    (abs)        085
_TMR1                       (abs)        00E
_TMR1CS                     (abs)        081
_TMR1IE                     (abs)        460
_TMR1IF                     (abs)        060
_TMR1ON                     (abs)        080
_TRISA0                     (abs)        428
_TRISA1                     (abs)        429
_TRISB                      (abs)        086
_TRISC                      (abs)        087
_TRISD                      (abs)        088
_TXIF                       (abs)        064
_TXREG                      (abs)        019
_TXSTA                      (abs)        098
__Habs1                     abs1         000
__Hbank0                    bank0        000
__Hbank1                    bank1        000
__Hbank2                    bank2        000
__Hbank3                    bank3        000
__HbssBANK0                 bssBANK0     000
__HbssCOMMON                bssCOMMON    000
__Hcinit                    cinit        01F
__Hclrtext                  clrtext      000
__Hcode                     code         000
__Hcommon                   common       000
__HcstackBANK0              cstackBANK0  000
__HcstackCOMMON             cstackCOMMON 000
__Heeprom_data              eeprom_data  000
__Hend_init                 end_init     00F
__Hfunctab                  functab      000
__Hinit                     init         00C
__Hintentry                 intentry     00C
__Hmaintext                 maintext     000
__Hpowerup                  powerup      000
__Hram                      ram          000
__Hreset_vec                reset_vec    003
__Hsfr0                     sfr0         000
__Hsfr1                     sfr1         000
__Hsfr2                     sfr2         000
__Hsfr3                     sfr3         000
__Hspace_0                  (abs)        4B2
__Hspace_1                  (abs)        07C
__Hspace_2                  (abs)        000
__Hspace_3                  (abs)        000
__Hstack                    stack        000
__Hstrings                  strings      000
__Htext                     text         000
__Labs1                     abs1         000
__Lbank0                    bank0        000
__Lbank1                    bank1        000
__Lbank2                    bank2        000
__Lbank3                    bank3        000
__LbssBANK0                 bssBANK0     000
__LbssCOMMON                bssCOMMON    000
__Lcinit                    cinit        00F
__Lclrtext                  clrtext      000
__Lcode                     code         000
__Lcommon                   common       000
__LcstackBANK0              cstackBANK0  000
__LcstackCOMMON             cstackCOMMON 000
__Leeprom_data              eeprom_data  000
__Lend_init                 end_init     00C
__Lfunctab                  functab      000
__Linit                     init         00C
__Lintentry                 intentry     004
__Lmaintext                 maintext     000
__Lpowerup                  powerup      000
__Lram                      ram          000
__Lreset_vec                reset_vec    000
__Lsfr0                     sfr0         000
__Lsfr1                     sfr1         000
__Lsfr2                     sfr2         000
__Lsfr3                     sfr3         000
__Lspace_0                  (abs)        000
__Lspace_1                  (abs)        000
__Lspace_2                  (abs)        000
__Lspace_3                  (abs)        000
__Lstack                    stack        000
__Lstrings                  strings      000
__Ltext                     text         000
__S0                        (abs)        4B2
__S1                        (abs)        07C
__S2                        (abs)        000
__S3                        (abs)        000
___int_sp                   stack        000
___latbits                  (abs)        002
___lwdiv                    text12       1B7
___lwdiv@counter            cstackBANK0  025
___lwdiv@dividend           cstackBANK0  022
___lwdiv@divisor            cstackBANK0  020
___lwdiv@quotient           cstackBANK0  026
___sp                       stack        000
___stackhi                  (abs)        000
___stacklo                  (abs)        000
__end_of_ISR                text18       35A
__end_of_Lcd8_Cmd           text16       489
__end_of_Lcd8_Init          text15       171
__end_of_Lcd8_Port          text17       2BE
__end_of_Lcd8_Set_Cursor    text9        434
__end_of_Lcd8_Write_Char    text8        46D
__end_of_Lcd8_Write_String  text7        1B7
__end_of_Rotation0          text14       3E9
__end_of_Rotation90         text13       327
__end_of___lwdiv            text12       1FD
__end_of__initialization    cinit        01B
__end_of__stringtab         strings      210
__end_of_adc                text11       3BA
__end_of_adc1               text10       38A
__end_of_checkGateStatus    text6        282
__end_of_checkID2           text4        451
__end_of_main               maintext     11D
__end_of_rx                 text3        4B2
__end_of_ser_int            text2        49A
__end_of_strcmp             text5        2F3
__end_of_timerInit          text1        4A9
__end_ofi1_Rotation90       text19       416
__initialization            cinit        00F
__pbssBANK0                 bssBANK0     03F
__pbssCOMMON                bssCOMMON    070
__pcstackBANK0              cstackBANK0  020
__pcstackCOMMON             cstackCOMMON 076
__pintentry                 intentry     004
__pmaintext                 maintext     01F
__pstrings                  strings      200
__ptext1                    text1        49A
__ptext10                   text10       35A
__ptext11                   text11       38A
__ptext12                   text12       1B7
__ptext13                   text13       2F3
__ptext14                   text14       3BA
__ptext15                   text15       11D
__ptext16                   text16       46D
__ptext17                   text17       282
__ptext18                   text18       327
__ptext19                   text19       3E9
__ptext2                    text2        489
__ptext3                    text3        4A9
__ptext4                    text4        434
__ptext5                    text5        2BE
__ptext6                    text6        245
__ptext7                    text7        171
__ptext8                    text8        451
__ptext9                    text9        416
__size_of_ISR               (abs)        000
__size_of_Lcd8_Cmd          (abs)        000
__size_of_Lcd8_Init         (abs)        000
__size_of_Lcd8_Port         (abs)        000
__size_of_Lcd8_Set_Cursor   (abs)        000
__size_of_Lcd8_Write_Char   (abs)        000
__size_of_Lcd8_Write_String (abs)        000
__size_of_Rotation0         (abs)        000
__size_of_Rotation90        (abs)        000
__size_of___lwdiv           (abs)        000
__size_of_adc               (abs)        000
__size_of_adc1              (abs)        000
__size_of_checkGateStatus   (abs)        000
__size_of_checkID2          (abs)        000
__size_of_main              (abs)        000
__size_of_rx                (abs)        000
__size_of_ser_int           (abs)        000
__size_of_strcmp            (abs)        000
__size_of_timerInit         (abs)        000
__size_ofi1_Rotation90      (abs)        000
__stringbase                strings      20F
__stringtab                 strings      200
_adc                        text11       38A
_adc1                       text10       35A
_checkGateStatus            text6        245
_checkID2                   text4        434
_counter                    bssCOMMON    074
_isOpened                   bssBANK0     03F
_main                       maintext     01F
_numberID                   bssCOMMON    070
_parkingTime                bssBANK0     041
_rx                         text3        4A9
_ser_int                    text2        489
_strcmp                     text5        2BE
_timerInit                  text1        49A
adc1@adcval                 cstackBANK0  02A
adc@adcval                  cstackBANK0  02A
btemp                       (abs)        07E
checkID2@availableID        cstackBANK0  027
checkID2@id                 cstackBANK0  02A
end_of_initialization       cinit        01B
i1Rotation90@i              cstackCOMMON 078
i1_Rotation90               text19       3E9
interrupt_function          intentry     004
intlevel0                   functab      000
intlevel1                   functab      000
intlevel2                   functab      000
intlevel3                   functab      000
intlevel4                   functab      000
intlevel5                   functab      000
main@i_193                  cstackBANK0  03D
main@id                     cstackBANK0  02D
main@val1                   cstackBANK0  039
main@val2                   cstackBANK0  03B
nosup@@$_$_CONFIG           (abs)        000
reset_vec                   reset_vec    000
saved_w                     (abs)        07E
start                       init         00C
start_initialization        cinit        00F
strcmp@r                    cstackBANK0  025
strcmp@s1                   cstackBANK0  026
strcmp@s2                   cstackBANK0  020
wtemp0                      (abs)        07E


FUNCTION INFORMATION:

 *************** function _main *****************
 Defined at:
		line 110 in file "parkingCar.c"
 Parameters:    Size  Location     Type
		None
 Auto vars:     Size  Location     Type
  i               2   29[BANK0 ] int 
  id             12   13[BANK0 ] unsigned char [12]
  val2            2   27[BANK0 ] unsigned int 
  val1            2   25[BANK0 ] unsigned int 
  i               2    0        int 
 Return value:  Size  Location     Type
                  1    wreg      void 
 Registers used:
		wreg, fsr0l, fsr0h, status,2, status,0, btemp+1, pclath, cstack
 Tracked objects:
		On entry : 
		On exit  : 
		Unchanged: 
 Data sizes:     COMMON   BANK0   BANK1   BANK3   BANK2
      Params:         0       0       0       0       0
      Locals:         0      18       0       0       0
      Temps:          0       1       0       0       0
      Totals:         0      19       0       0       0
Total ram usage:       19 bytes
 Hardware stack levels required when called:    6
 This function calls:
		_Lcd8_Init
		_Lcd8_Set_Cursor
		_Lcd8_Write_String
		_Rotation0
		_Rotation90
		_adc
		_adc1
		_checkGateStatus
		_checkID2
		_rx
		_ser_int
		_timerInit
 This function is called by:
		Startup code after reset
 This function uses a non-reentrant model


 *************** function _timerInit *****************
 Defined at:
		line 81 in file "parkingCar.c"
 Parameters:    Size  Location     Type
		None
 Auto vars:     Size  Location     Type
		None
 Return value:  Size  Location     Type
                  1    wreg      void 
 Registers used:
		status,2
 Tracked objects:
		On entry : 
		On exit  : 
		Unchanged: 
 Data sizes:     COMMON   BANK0   BANK1   BANK3   BANK2
      Params:         0       0       0       0       0
      Locals:         0       0       0       0       0
      Temps:          0       0       0       0       0
      Totals:         0       0       0       0       0
Total ram usage:        0 bytes
 Hardware stack levels used:    1
 Hardware stack levels required when called:    2
 This function calls:
		Nothing
 This function is called by:
		_main
 This function uses a non-reentrant model


 *************** function _ser_int *****************
 Defined at:
		line 250 in file "parkingCar.c"
 Parameters:    Size  Location     Type
		None
 Auto vars:     Size  Location     Type
		None
 Return value:  Size  Location     Type
                  1    wreg      void 
 Registers used:
		wreg
 Tracked objects:
		On entry : 
		On exit  : 
		Unchanged: 
 Data sizes:     COMMON   BANK0   BANK1   BANK3   BANK2
      Params:         0       0       0       0       0
      Locals:         0       0       0       0       0
      Temps:          0       0       0       0       0
      Totals:         0       0       0       0       0
Total ram usage:        0 bytes
 Hardware stack levels used:    1
 Hardware stack levels required when called:    2
 This function calls:
		Nothing
 This function is called by:
		_main
 This function uses a non-reentrant model


 *************** function _rx *****************
 Defined at:
		line 265 in file "parkingCar.c"
 Parameters:    Size  Location     Type
		None
 Auto vars:     Size  Location     Type
		None
 Return value:  Size  Location     Type
                  1    wreg      unsigned char 
 Registers used:
		wreg
 Tracked objects:
		On entry : 
		On exit  : 
		Unchanged: 
 Data sizes:     COMMON   BANK0   BANK1   BANK3   BANK2
      Params:         0       0       0       0       0
      Locals:         0       0       0       0       0
      Temps:          0       0       0       0       0
      Totals:         0       0       0       0       0
Total ram usage:        0 bytes
 Hardware stack levels used:    1
 Hardware stack levels required when called:    2
 This function calls:
		Nothing
 This function is called by:
		_main
 This function uses a non-reentrant model


 *************** function _checkID2 *****************
 Defined at:
		line 74 in file "parkingCar.c"
 Parameters:    Size  Location     Type
  id              1    wreg     PTR unsigned char 
		 -> main@id(12), 
  availableID     1    7[BANK0 ] PTR unsigned int 
		 -> STR_6(13), 
 Auto vars:     Size  Location     Type
  id              1   10[BANK0 ] PTR unsigned char 
		 -> main@id(12), 
 Return value:  Size  Location     Type
                  2    7[BANK0 ] unsigned int 
 Registers used:
		wreg, fsr0l, fsr0h, status,2, status,0, pclath, cstack
 Tracked objects:
		On entry : 
		On exit  : 
		Unchanged: 
 Data sizes:     COMMON   BANK0   BANK1   BANK3   BANK2
      Params:         0       2       0       0       0
      Locals:         0       1       0       0       0
      Temps:          0       1       0       0       0
      Totals:         0       4       0       0       0
Total ram usage:        4 bytes
 Hardware stack levels used:    1
 Hardware stack levels required when called:    3
 This function calls:
		_strcmp
 This function is called by:
		_main
 This function uses a non-reentrant model


 *************** function _strcmp *****************
 Defined at:
		line 33 in file "C:\Program Files\Microchip\xc8\v2.30\pic\sources\c90\common\strcmp.c"
 Parameters:    Size  Location     Type
  s1              1    wreg     PTR const unsigned char 
		 -> STR_6(13), ROM(8192), 
  s2              1    0[BANK0 ] PTR const unsigned char 
		 -> main@id(12), 
 Auto vars:     Size  Location     Type
  s1              1    6[BANK0 ] PTR const unsigned char 
		 -> STR_6(13), ROM(8192), 
  r               1    5[BANK0 ] char 
 Return value:  Size  Location     Type
                  2    0[BANK0 ] int 
 Registers used:
		wreg, fsr0l, fsr0h, status,2, status,0, pclath
 Tracked objects:
		On entry : 
		On exit  : 
		Unchanged: 
 Data sizes:     COMMON   BANK0   BANK1   BANK3   BANK2
      Params:         0       2       0       0       0
      Locals:         0       2       0       0       0
      Temps:          0       3       0       0       0
      Totals:         0       7       0       0       0
Total ram usage:        7 bytes
 Hardware stack levels used:    1
 Hardware stack levels required when called:    2
 This function calls:
		Nothing
 This function is called by:
		_checkID2
		_checkID
 This function uses a non-reentrant model


 *************** function _checkGateStatus *****************
 Defined at:
		line 98 in file "parkingCar.c"
 Parameters:    Size  Location     Type
		None
 Auto vars:     Size  Location     Type
		None
 Return value:  Size  Location     Type
                  1    wreg      void 
 Registers used:
		wreg, fsr0l, fsr0h, status,2, status,0, btemp+1, pclath, cstack
 Tracked objects:
		On entry : 
		On exit  : 
		Unchanged: 
 Data sizes:     COMMON   BANK0   BANK1   BANK3   BANK2
      Params:         0       0       0       0       0
      Locals:         0       0       0       0       0
      Temps:          0       1       0       0       0
      Totals:         0       1       0       0       0
Total ram usage:        1 bytes
 Hardware stack levels used:    1
 Hardware stack levels required when called:    5
 This function calls:
		_Lcd8_Set_Cursor
		_Lcd8_Write_String
 This function is called by:
		_main
 This function uses a non-reentrant model


 *************** function _Lcd8_Write_String *****************
 Defined at:
		line 105 in file "./lcd.h"
 Parameters:    Size  Location     Type
  a               2    4[BANK0 ] PTR unsigned char 
		 -> main@id(12), STR_5(17), STR_4(7), STR_3(7), 
		 -> STR_2(9), 
 Auto vars:     Size  Location     Type
  i               2    9[BANK0 ] int 
 Return value:  Size  Location     Type
                  1    wreg      void 
 Registers used:
		wreg, fsr0l, fsr0h, status,2, status,0, btemp+1, pclath, cstack
 Tracked objects:
		On entry : 
		On exit  : 
		Unchanged: 
 Data sizes:     COMMON   BANK0   BANK1   BANK3   BANK2
      Params:         0       2       0       0       0
      Locals:         0       2       0       0       0
      Temps:          0       3       0       0       0
      Totals:         0       7       0       0       0
Total ram usage:        7 bytes
 Hardware stack levels used:    1
 Hardware stack levels required when called:    4
 This function calls:
		_Lcd8_Write_Char
 This function is called by:
		_checkGateStatus
		_main
 This function uses a non-reentrant model


 *************** function _Lcd8_Write_Char *****************
 Defined at:
		line 96 in file "./lcd.h"
 Parameters:    Size  Location     Type
  a               1    wreg     unsigned char 
 Auto vars:     Size  Location     Type
  a               1    3[BANK0 ] unsigned char 
 Return value:  Size  Location     Type
                  1    wreg      void 
 Registers used:
		wreg, status,2, status,0, pclath, cstack
 Tracked objects:
		On entry : 
		On exit  : 
		Unchanged: 
 Data sizes:     COMMON   BANK0   BANK1   BANK3   BANK2
      Params:         0       0       0       0       0
      Locals:         0       1       0       0       0
      Temps:          0       2       0       0       0
      Totals:         0       3       0       0       0
Total ram usage:        3 bytes
 Hardware stack levels used:    1
 Hardware stack levels required when called:    3
 This function calls:
		_Lcd8_Port
 This function is called by:
		_Lcd8_Write_String
 This function uses a non-reentrant model


 *************** function _Lcd8_Set_Cursor *****************
 Defined at:
		line 70 in file "./lcd.h"
 Parameters:    Size  Location     Type
  a               1    wreg     unsigned char 
  b               1    4[BANK0 ] unsigned char 
 Auto vars:     Size  Location     Type
  a               1    5[BANK0 ] unsigned char 
 Return value:  Size  Location     Type
                  1    wreg      void 
 Registers used:
		wreg, status,2, status,0, pclath, cstack
 Tracked objects:
		On entry : 
		On exit  : 
		Unchanged: 
 Data sizes:     COMMON   BANK0   BANK1   BANK3   BANK2
      Params:         0       1       0       0       0
      Locals:         0       1       0       0       0
      Temps:          0       0       0       0       0
      Totals:         0       2       0       0       0
Total ram usage:        2 bytes
 Hardware stack levels used:    1
 Hardware stack levels required when called:    4
 This function calls:
		_Lcd8_Cmd
 This function is called by:
		_checkGateStatus
		_main
 This function uses a non-reentrant model


 *************** function _adc1 *****************
 Defined at:
		line 199 in file "parkingCar.c"
 Parameters:    Size  Location     Type
		None
 Auto vars:     Size  Location     Type
  adcval          2   10[BANK0 ] unsigned int 
 Return value:  Size  Location     Type
                  2    8[BANK0 ] unsigned int 
 Registers used:
		wreg, status,2, status,0, pclath, cstack
 Tracked objects:
		On entry : 
		On exit  : 
		Unchanged: 
 Data sizes:     COMMON   BANK0   BANK1   BANK3   BANK2
      Params:         0       2       0       0       0
      Locals:         0       2       0       0       0
      Temps:          0       0       0       0       0
      Totals:         0       4       0       0       0
Total ram usage:        4 bytes
 Hardware stack levels used:    1
 Hardware stack levels required when called:    3
 This function calls:
		___lwdiv
 This function is called by:
		_main
 This function uses a non-reentrant model


 *************** function _adc *****************
 Defined at:
		line 189 in file "parkingCar.c"
 Parameters:    Size  Location     Type
		None
 Auto vars:     Size  Location     Type
  adcval          2   10[BANK0 ] unsigned int 
 Return value:  Size  Location     Type
                  2    8[BANK0 ] unsigned int 
 Registers used:
		wreg, status,2, status,0, pclath, cstack
 Tracked objects:
		On entry : 
		On exit  : 
		Unchanged: 
 Data sizes:     COMMON   BANK0   BANK1   BANK3   BANK2
      Params:         0       2       0       0       0
      Locals:         0       2       0       0       0
      Temps:          0       0       0       0       0
      Totals:         0       4       0       0       0
Total ram usage:        4 bytes
 Hardware stack levels used:    1
 Hardware stack levels required when called:    3
 This function calls:
		___lwdiv
 This function is called by:
		_main
 This function uses a non-reentrant model


 *************** function ___lwdiv *****************
 Defined at:
		line 5 in file "C:\Program Files\Microchip\xc8\v2.30\pic\sources\c90\common\lwdiv.c"
 Parameters:    Size  Location     Type
  divisor         2    0[BANK0 ] unsigned int 
  dividend        2    2[BANK0 ] unsigned int 
 Auto vars:     Size  Location     Type
  quotient        2    6[BANK0 ] unsigned int 
  counter         1    5[BANK0 ] unsigned char 
 Return value:  Size  Location     Type
                  2    0[BANK0 ] unsigned int 
 Registers used:
		wreg, status,2, status,0
 Tracked objects:
		On entry : 
		On exit  : 
		Unchanged: 
 Data sizes:     COMMON   BANK0   BANK1   BANK3   BANK2
      Params:         0       4       0       0       0
      Locals:         0       3       0       0       0
      Temps:          0       1       0       0       0
      Totals:         0       8       0       0       0
Total ram usage:        8 bytes
 Hardware stack levels used:    1
 Hardware stack levels required when called:    2
 This function calls:
		Nothing
 This function is called by:
		_adc
		_adc1
 This function uses a non-reentrant model


 *************** function _Rotation90 *****************
 Defined at:
		line 222 in file "parkingCar.c"
 Parameters:    Size  Location     Type
		None
 Auto vars:     Size  Location     Type
  i               2    2[BANK0 ] unsigned int 
 Return value:  Size  Location     Type
                  1    wreg      void 
 Registers used:
		wreg, status,2
 Tracked objects:
		On entry : 
		On exit  : 
		Unchanged: 
 Data sizes:     COMMON   BANK0   BANK1   BANK3   BANK2
      Params:         0       0       0       0       0
      Locals:         0       2       0       0       0
      Temps:          0       2       0       0       0
      Totals:         0       4       0       0       0
Total ram usage:        4 bytes
 Hardware stack levels used:    1
 Hardware stack levels required when called:    2
 This function calls:
		Nothing
 This function is called by:
		_main
 This function uses a non-reentrant model


 *************** function _Rotation0 *****************
 Defined at:
		line 209 in file "parkingCar.c"
 Parameters:    Size  Location     Type
		None
 Auto vars:     Size  Location     Type
  i               2    2[BANK0 ] unsigned int 
 Return value:  Size  Location     Type
                  1    wreg      void 
 Registers used:
		wreg, status,2
 Tracked objects:
		On entry : 
		On exit  : 
		Unchanged: 
 Data sizes:     COMMON   BANK0   BANK1   BANK3   BANK2
      Params:         0       0       0       0       0
      Locals:         0       2       0       0       0
      Temps:          0       2       0       0       0
      Totals:         0       4       0       0       0
Total ram usage:        4 bytes
 Hardware stack levels used:    1
 Hardware stack levels required when called:    2
 This function calls:
		Nothing
 This function is called by:
		_main
 This function uses a non-reentrant model


 *************** function _Lcd8_Init *****************
 Defined at:
		line 78 in file "./lcd.h"
 Parameters:    Size  Location     Type
		None
 Auto vars:     Size  Location     Type
		None
 Return value:  Size  Location     Type
                  1    wreg      void 
 Registers used:
		wreg, status,2, status,0, pclath, cstack
 Tracked objects:
		On entry : 
		On exit  : 
		Unchanged: 
 Data sizes:     COMMON   BANK0   BANK1   BANK3   BANK2
      Params:         0       0       0       0       0
      Locals:         0       0       0       0       0
      Temps:          0       2       0       0       0
      Totals:         0       2       0       0       0
Total ram usage:        2 bytes
 Hardware stack levels used:    1
 Hardware stack levels required when called:    4
 This function calls:
		_Lcd8_Cmd
		_Lcd8_Port
 This function is called by:
		_main
 This function uses a non-reentrant model


 *************** function _Lcd8_Cmd *****************
 Defined at:
		line 56 in file "./lcd.h"
 Parameters:    Size  Location     Type
  a               1    wreg     unsigned char 
 Auto vars:     Size  Location     Type
  a               1    3[BANK0 ] unsigned char 
 Return value:  Size  Location     Type
                  1    wreg      void 
 Registers used:
		wreg, status,2, status,0, pclath, cstack
 Tracked objects:
		On entry : 
		On exit  : 
		Unchanged: 
 Data sizes:     COMMON   BANK0   BANK1   BANK3   BANK2
      Params:         0       0       0       0       0
      Locals:         0       1       0       0       0
      Temps:          0       2       0       0       0
      Totals:         0       3       0       0       0
Total ram usage:        3 bytes
 Hardware stack levels used:    1
 Hardware stack levels required when called:    3
 This function calls:
		_Lcd8_Port
 This function is called by:
		_Lcd8_Set_Cursor
		_Lcd8_Init
		_Lcd8_Clear
		_Lcd8_Shift_Right
		_Lcd8_Shift_Left
 This function uses a non-reentrant model


 *************** function _Lcd8_Port *****************
 Defined at:
		line 14 in file "./lcd.h"
 Parameters:    Size  Location     Type
  a               1    wreg     unsigned char 
 Auto vars:     Size  Location     Type
  a               1    0[BANK0 ] unsigned char 
 Return value:  Size  Location     Type
                  1    wreg      void 
 Registers used:
		wreg
 Tracked objects:
		On entry : 
		On exit  : 
		Unchanged: 
 Data sizes:     COMMON   BANK0   BANK1   BANK3   BANK2
      Params:         0       0       0       0       0
      Locals:         0       1       0       0       0
      Temps:          0       0       0       0       0
      Totals:         0       1       0       0       0
Total ram usage:        1 bytes
 Hardware stack levels used:    1
 Hardware stack levels required when called:    2
 This function calls:
		Nothing
 This function is called by:
		_Lcd8_Cmd
		_Lcd8_Init
		_Lcd8_Write_Char
 This function uses a non-reentrant model


 *************** function _ISR *****************
 Defined at:
		line 235 in file "parkingCar.c"
 Parameters:    Size  Location     Type
		None
 Auto vars:     Size  Location     Type
		None
 Return value:  Size  Location     Type
                  1    wreg      void 
 Registers used:
		wreg, status,2, status,0, pclath, cstack
 Tracked objects:
		On entry : 
		On exit  : 
		Unchanged: 
 Data sizes:     COMMON   BANK0   BANK1   BANK3   BANK2
      Params:         0       0       0       0       0
      Locals:         0       0       0       0       0
      Temps:          2       0       0       0       0
      Totals:         2       0       0       0       0
Total ram usage:        2 bytes
 Hardware stack levels used:    1
 Hardware stack levels required when called:    1
 This function calls:
		i1_Rotation90
 This function is called by:
		Interrupt level 1
 This function uses a non-reentrant model


 *************** function i1_Rotation90 *****************
 Defined at:
		line 222 in file "parkingCar.c"
 Parameters:    Size  Location     Type
		None
 Auto vars:     Size  Location     Type
  i               2    2[COMMON] unsigned int 
 Return value:  Size  Location     Type
                  1    wreg      void 
 Registers used:
		wreg, status,2
 Tracked objects:
		On entry : 
		On exit  : 
		Unchanged: 
 Data sizes:     COMMON   BANK0   BANK1   BANK3   BANK2
      Params:         0       0       0       0       0
      Locals:         2       0       0       0       0
      Temps:          2       0       0       0       0
      Totals:         4       0       0       0       0
Total ram usage:        4 bytes
 Hardware stack levels used:    1
 This function calls:
		Nothing
 This function is called by:
		_ISR
 This function uses a non-reentrant model



MODULE INFORMATION

Module		Function		Class		Link	Load	Size
C:\Program Files\Microchip\xc8\v2.30\pic\sources\c90\common\strcmp.c
		_strcmp        		CODE           	02BE	0000	53

C:\Program Files\Microchip\xc8\v2.30\pic\sources\c90\common\strcmp.c estimated size: 53

parkingCar.c
		_Rotation0     		CODE           	03BA	0000	47
		_Rotation90    		CODE           	02F3	0000	52
		_ISR           		CODE           	0327	0000	51
		_ser_int       		CODE           	0489	0000	17
		_main          		CODE           	001F	0000	254
		_timerInit     		CODE           	049A	0000	15
		_checkGateStatus		CODE           	0245	0000	61
		_adc           		CODE           	038A	0000	48
		_checkID2      		CODE           	0434	0000	29
		_adc1          		CODE           	035A	0000	48
		_rx            		CODE           	04A9	0000	9

parkingCar.c estimated size: 631

./lcd.h
		_Lcd8_Write_String		CODE           	0171	0000	70
		_Lcd8_Set_Cursor		CODE           	0416	0000	30
		_Lcd8_Init     		CODE           	011D	0000	84
		_Lcd8_Port     		CODE           	0282	0000	60
		_Lcd8_Write_Char		CODE           	0451	0000	28
		_Lcd8_Cmd      		CODE           	046D	0000	28

./lcd.h estimated size: 300

C:\Program Files\Microchip\xc8\v2.30\pic\sources\c90\common\lwdiv.c
		___lwdiv       		CODE           	01B7	0000	70

C:\Program Files\Microchip\xc8\v2.30\pic\sources\c90\common\lwdiv.c estimated size: 70

shared
		__stringtab    		STRING         	0200	0000	16
		__initialization		CODE           	000F	0000	12
		i1_Rotation90  		CODE           	03E9	0000	45

shared estimated size: 73

