Microchip MPLAB XC8 Compiler V2.30

Linker command line:

-W-3 --edf=C:\Program Files\Microchip\xc8\v2.30\pic\dat\en_msgs.txt -cn \
  -h+dist/default/production\parkingCar.X.production.sym \
  --cmf=dist/default/production\parkingCar.X.production.cmf -z -Q16F877A \
  -oC:\Users\doank\AppData\Local\Temp\s36sx2 --defsym=__MPLAB_BUILD=1 \
  -Mdist/default/production/parkingCar.X.production.map -E1 \
  -ver=XC8 Compiler --acfsm=1493 -ASTACK=0110h-016Fh -pstack=STACK \
  -ACODE=00h-07FFhx4 -ASTRCODE=00h-01FFFh -ASTRING=00h-0FFhx32 \
  -ACONST=00h-0FFhx32 -AENTRY=00h-0FFhx32 -ACOMMON=070h-07Fh \
  -ABANK0=020h-06Fh -ABANK1=0A0h-0EFh -ABANK2=0110h-016Fh \
  -ABANK3=0190h-01EFh -ARAM=020h-06Fh,0A0h-0EFh,0110h-016Fh,0190h-01EFh \
  -AABS1=020h-07Fh,0A0h-0EFh,0110h-016Fh,0190h-01EFh -ASFR0=00h-01Fh \
  -ASFR1=080h-09Fh -ASFR2=0100h-010Fh -ASFR3=0180h-018Fh \
  -ACONFIG=02007h-02007h -DCONFIG=2 -AIDLOC=02000h-02003h -DIDLOC=2 \
  -AEEDATA=00h-0FFh/02100h -peeprom_data=EEDATA -DEEDATA=2 -DCODE=2 \
  -DSTRCODE=2 -DSTRING=2 -DCONST=2 -DENTRY=2 \
  -preset_vec=00h,intentry=04h,init,end_init -ppowerup=CODE -pcinit=CODE \
  -pfunctab=ENTRY -k C:\Users\doank\AppData\Local\Temp\s36sxh.o \
  dist/default/production\parkingCar.X.production.o 

Object code version is 3.11

Machine type is 16F877A



                Name                               Link     Load   Length Selector   Space Scale
C:\Users\doank\AppData\Local\Temp\s36sxh.o
                end_init                              C        C        3        8       0
                reset_vec                             0        0        3        0       0
                config                             2007     2007        1        0       4
dist/default/production\parkingCar.X.production.o
                cinit                                 F        F       1A        8       0
                intentry                              4        4        8        8       0
                config                             2007     2007        1        0       4
                text21                              4A6      4A6       2F      6D8       0
                text20                              475      475       31      6D8       0
                text19                              501      501       20      6D8       0
                text18                              521      521       1C      6D8       0
                text17                              1E6      1E6       64        8       0
                text16                              3A8      3A8       37      6D8       0
                text15                              53D      53D       14      6D8       0
                text14                              57C      57C        7      6D8       0
                text13                              444      444       31      6D8       0
                text12                              3DF      3DF       33      6D8       0
                text11                              551      551       13      6D8       0
                text10                              573      573        9      6D8       0
                text9                               24A      24A       5A        8       0
                text8                               2EA      2EA       45        8       0
                text7                               412      412       32      6D8       0
                text6                               2A4      2A4       46        8       0
                text5                               36C      36C       3C      6D8       0
                text4                                FC       FC       81        8       0
                text3                               4D5      4D5       2C      6D8       0
                text2                               17D      17D       69        8       0
                text1                               564      564        F      6D8       0
                maintext                             29       29       D3        8       0
                cstackBANK0                          20       20       3F       20       1
                cstackCOMMON                         70       70        6       70       1
                dataBANK0                            65       65        2       20       1
                bssBANK0                             5F       5F        6       20       1
                bssCOMMON                            76       76        4       70       1
                strings                             32F      32F       3D      65E       0
                idataBANK0                          583      583        2      6D8       0

TOTAL           Name                               Link     Load   Length     Space
        CLASS   STACK          

        CLASS   CODE           
                end_init                              C        C        3         0
                cinit                                 F        F       1A         0
                intentry                              4        4        8         0
                reset_vec                             0        0        3         0
                text21                              4A6      4A6       2F         0
                text20                              475      475       31         0
                text19                              501      501       20         0
                text18                              521      521       1C         0
                text17                              1E6      1E6       64         0
                text16                              3A8      3A8       37         0
                text15                              53D      53D       14         0
                text14                              57C      57C        7         0
                text13                              444      444       31         0
                text12                              3DF      3DF       33         0
                text11                              551      551       13         0
                text10                              573      573        9         0
                text9                               24A      24A       5A         0
                text8                               2EA      2EA       45         0
                text7                               412      412       32         0
                text6                               2A4      2A4       46         0
                text5                               36C      36C       3C         0
                text4                                FC       FC       81         0
                text3                               4D5      4D5       2C         0
                text2                               17D      17D       69         0
                text1                               564      564        F         0
                maintext                             29       29       D3         0
                idataBANK0                          583      583        2         0

        CLASS   STRCODE        

        CLASS   STRING         
                strings                             32F      32F       3D         0

        CLASS   CONST          

        CLASS   ENTRY          

        CLASS   COMMON         
                cstackCOMMON                         70       70        6         1
                bssCOMMON                            76       76        4         1

        CLASS   BANK0          
                cstackBANK0                          20       20       3F         1
                dataBANK0                            65       65        2         1
                bssBANK0                             5F       5F        6         1

        CLASS   BANK1          

        CLASS   BANK2          

        CLASS   BANK3          

        CLASS   RAM            

        CLASS   ABS1           
                abs_s1                               7E       7E        2         1

        CLASS   SFR0           

        CLASS   SFR1           

        CLASS   SFR2           

        CLASS   SFR3           

        CLASS   CONFIG         
                config                             2007     2007        1         4

        CLASS   IDLOC          

        CLASS   EEDATA         



SEGMENTS        Name                           Load    Length   Top    Selector   Space  Class     Delta

                reset_vec                      000000  000003  000003         0       0  CODE        2
                intentry                       000004  00032B  00032F         8       0  CODE        2
                cstackBANK0                    000020  000047  000067        20       1  BANK0       1
                cstackCOMMON                   000070  00000A  00007A        70       1  COMMON      1
                strings                        00032F  00003D  00036C       65E       0  STRING      2
                text5                          00036C  000219  000585       6D8       0  CODE        2


UNUSED ADDRESS RANGES

        Name                Unused          Largest block    Delta
        BANK0            0067-006F              9           1
        BANK1            00A0-00EF             50           1
        BANK2            0110-016F             60           1
        BANK3            0190-01EF             60           1
        CODE             0003-0003              1           2
                         0585-1FFF            800
        COMMON           007A-007D              4           1
        CONST            0003-0003              1           2
                         0585-1FFF            100
        EEDATA           2100-21FF            100           2
        ENTRY            0003-0003              1           2
                         0585-1FFF            100
        IDLOC            2000-2003              4           2
        RAM              0067-006F              9           1
                         00A0-00EF             50
                         0110-016F             60
                         0190-01EF             60
        SFR0             0000-001F             20           1
        SFR1             0080-009F             20           1
        SFR2             0100-010F             10           1
        SFR3             0180-018F             10           1
        STACK            0110-016F             60           1
        STRCODE          0003-0003              1           2
                         0585-1FFF           1A7B
        STRING           0003-0003              1           2
                         0585-1FFF            100

                                  Symbol Table

?_UART_Init                 cstackBANK0  0020
?___lwdiv                   cstackBANK0  0020
?___lwmod                   cstackBANK0  0020
Lcd4_Cmd@a                  cstackBANK0  0023
Lcd4_Port@a                 cstackBANK0  0020
Lcd4_Set_Cursor@a           cstackBANK0  0027
Lcd4_Set_Cursor@b           cstackBANK0  0024
Lcd4_Set_Cursor@temp        cstackBANK0  0028
Lcd4_Set_Cursor@y           cstackBANK0  002A
Lcd4_Set_Cursor@z           cstackBANK0  0029
Lcd4_Write_Char@a           cstackBANK0  0025
Lcd4_Write_Char@temp        cstackBANK0  0023
Lcd4_Write_Char@y           cstackBANK0  0024
Lcd4_Write_String@a         cstackBANK0  0026
Lcd4_Write_String@i         cstackBANK0  0028
Rotation0@i                 cstackBANK0  0022
Rotation90@i                cstackBANK0  0022
_BRGH                       (abs)        04C2
_CREN                       (abs)        00C4
_EEADR                      (abs)        010D
_EECON1                     (abs)        018C
_EECON1bits                 (abs)        018C
_EECON2                     (abs)        018D
_EEDATA                     (abs)        010C
_GIE                        (abs)        005F
_INTCONbits                 (abs)        000B
_INTE                       (abs)        005C
_INTEDG                     (abs)        040E
_INTF                       (abs)        0059
_ISR                        text20       0475
_Lcd4_Cmd                   text18       0521
_Lcd4_Init                  text17       01E6
_Lcd4_Port                  text19       0501
_Lcd4_Set_Cursor            text9        024A
_Lcd4_Write_Char            text8        02EA
_Lcd4_Write_String          text7        0412
_PEIE                       (abs)        005E
_PORTB                      (abs)        0006
_RB0                        (abs)        0030
_RB1                        (abs)        0031
_RB2                        (abs)        0032
_RB3                        (abs)        0033
_RB5                        (abs)        0035
_RB6                        (abs)        0036
_RB7                        (abs)        0037
_RC0                        (abs)        0038
_RC2                        (abs)        003A
_RC5                        (abs)        003D
_RCIE                       (abs)        0465
_RCIF                       (abs)        0065
_RCREG                      (abs)        001A
_RD4                        (abs)        0044
_RD5                        (abs)        0045
_RD6                        (abs)        0046
_RD7                        (abs)        0047
_RFID_init                  text14       057C
_Rotation0                  text13       0444
_Rotation90                 text12       03DF
_SPBRG                      (abs)        0099
_SPEN                       (abs)        00C7
_STATUSbits                 (abs)        0003
_SYNC                       (abs)        04C4
_T1CKPS0                    (abs)        0084
_T1CKPS1                    (abs)        0085
_TMR1                       (abs)        000E
_TMR1CS                     (abs)        0081
_TMR1IE                     (abs)        0460
_TMR1IF                     (abs)        0060
_TMR1ON                     (abs)        0080
_TRISA0                     (abs)        0428
_TRISA1                     (abs)        0429
_TRISB                      (abs)        0086
_TRISC                      (abs)        0087
_TRISC6                     (abs)        043E
_TRISC7                     (abs)        043F
_TRISD                      (abs)        0088
_UART_Init                  text11       0551
_UART_Receive               text10       0573
__Habs1                     abs1         0000
__Hbank0                    bank0        0000
__Hbank1                    bank1        0000
__Hbank2                    bank2        0000
__Hbank3                    bank3        0000
__HbssBANK0                 bssBANK0     0000
__HbssCOMMON                bssCOMMON    0000
__Hcinit                    cinit        0029
__Hclrtext                  clrtext      0000
__Hcode                     code         0000
__Hcommon                   common       0000
__Hconfig                   config       2008
__HcstackBANK0              cstackBANK0  0000
__HcstackCOMMON             cstackCOMMON 0000
__HdataBANK0                dataBANK0    0000
__Heeprom_data              eeprom_data  0000
__Hend_init                 end_init     000F
__Hfunctab                  functab      0000
__HidataBANK0               idataBANK0   0000
__Hinit                     init         000C
__Hintentry                 intentry     000C
__Hmaintext                 maintext     0000
__Hpowerup                  powerup      0000
__Hram                      ram          0000
__Hreset_vec                reset_vec    0003
__Hsfr0                     sfr0         0000
__Hsfr1                     sfr1         0000
__Hsfr2                     sfr2         0000
__Hsfr3                     sfr3         0000
__Hspace_0                  (abs)        0585
__Hspace_1                  (abs)        007A
__Hspace_2                  (abs)        0000
__Hspace_3                  (abs)        0000
__Hspace_4                  (abs)        400F
__Hstack                    stack        0000
__Hstrings                  strings      0000
__Htext                     text         0000
__Labs1                     abs1         0000
__Lbank0                    bank0        0000
__Lbank1                    bank1        0000
__Lbank2                    bank2        0000
__Lbank3                    bank3        0000
__LbssBANK0                 bssBANK0     0000
__LbssCOMMON                bssCOMMON    0000
__Lcinit                    cinit        000F
__Lclrtext                  clrtext      0000
__Lcode                     code         0000
__Lcommon                   common       0000
__Lconfig                   config       0000
__LcstackBANK0              cstackBANK0  0000
__LcstackCOMMON             cstackCOMMON 0000
__LdataBANK0                dataBANK0    0000
__Leeprom_data              eeprom_data  0000
__Lend_init                 end_init     000C
__Lfunctab                  functab      0000
__LidataBANK0               idataBANK0   0000
__Linit                     init         000C
__Lintentry                 intentry     0004
__Lmaintext                 maintext     0000
__Lpowerup                  powerup      0000
__Lram                      ram          0000
__Lreset_vec                reset_vec    0000
__Lsfr0                     sfr0         0000
__Lsfr1                     sfr1         0000
__Lsfr2                     sfr2         0000
__Lsfr3                     sfr3         0000
__Lspace_0                  (abs)        0000
__Lspace_1                  (abs)        0000
__Lspace_2                  (abs)        0000
__Lspace_3                  (abs)        0000
__Lspace_4                  (abs)        0000
__Lstack                    stack        0000
__Lstrings                  strings      0000
__Ltext                     text         0000
__S0                        (abs)        0585
__S1                        (abs)        007A
__S2                        (abs)        0000
__S3                        (abs)        0000
___int_sp                   stack        0000
___latbits                  (abs)        0002
___lwdiv                    text6        02A4
___lwdiv@counter            cstackBANK0  0025
___lwdiv@dividend           cstackBANK0  0022
___lwdiv@divisor            cstackBANK0  0020
___lwdiv@quotient           cstackBANK0  0026
___lwmod                    text5        036C
___lwmod@counter            cstackBANK0  0025
___lwmod@dividend           cstackBANK0  0022
___lwmod@divisor            cstackBANK0  0020
___sp                       stack        0000
___stackhi                  (abs)        0000
___stacklo                  (abs)        0000
__end_of_ISR                text20       04A6
__end_of_Lcd4_Cmd           text18       053D
__end_of_Lcd4_Init          text17       024A
__end_of_Lcd4_Port          text19       0521
__end_of_Lcd4_Set_Cursor    text9        02A4
__end_of_Lcd4_Write_Char    text8        032F
__end_of_Lcd4_Write_String  text7        0444
__end_of_RFID_init          text14       0583
__end_of_Rotation0          text13       0475
__end_of_Rotation90         text12       0412
__end_of_UART_Init          text11       0564
__end_of_UART_Receive       text10       057C
__end_of___lwdiv            text6        02EA
__end_of___lwmod            text5        03A8
__end_of__initialization    cinit        0025
__end_of__stringtab         strings      033F
__end_of_addNewID           text15       0551
__end_of_checkGateStatus    text2        01E6
__end_of_eeprom_write       text16       03DF
__end_of_itoa               text3        0501
__end_of_main               maintext     00FC
__end_of_timerInit          text1        0573
__end_of_utoa               text4        017D
__end_ofi1_Rotation90       text21       04D5
__initialization            cinit        000F
__pbssBANK0                 bssBANK0     005F
__pbssCOMMON                bssCOMMON    0076
__pcstackBANK0              cstackBANK0  0020
__pcstackCOMMON             cstackCOMMON 0070
__pdataBANK0                dataBANK0    0065
__pidataBANK0               idataBANK0   0583
__pintentry                 intentry     0004
__pmaintext                 maintext     0029
__pstrings                  strings      032F
__ptext1                    text1        0564
__ptext10                   text10       0573
__ptext11                   text11       0551
__ptext12                   text12       03DF
__ptext13                   text13       0444
__ptext14                   text14       057C
__ptext15                   text15       053D
__ptext16                   text16       03A8
__ptext17                   text17       01E6
__ptext18                   text18       0521
__ptext19                   text19       0501
__ptext2                    text2        017D
__ptext20                   text20       0475
__ptext21                   text21       04A6
__ptext3                    text3        04D5
__ptext4                    text4        00FC
__ptext5                    text5        036C
__ptext6                    text6        02A4
__ptext7                    text7        0412
__ptext8                    text8        02EA
__ptext9                    text9        024A
__size_of_ISR               (abs)        0000
__size_of_Lcd4_Cmd          (abs)        0000
__size_of_Lcd4_Init         (abs)        0000
__size_of_Lcd4_Port         (abs)        0000
__size_of_Lcd4_Set_Cursor   (abs)        0000
__size_of_Lcd4_Write_Char   (abs)        0000
__size_of_Lcd4_Write_String (abs)        0000
__size_of_RFID_init         (abs)        0000
__size_of_Rotation0         (abs)        0000
__size_of_Rotation90        (abs)        0000
__size_of_UART_Init         (abs)        0000
__size_of_UART_Receive      (abs)        0000
__size_of___lwdiv           (abs)        0000
__size_of___lwmod           (abs)        0000
__size_of_addNewID          (abs)        0000
__size_of_checkGateStatus   (abs)        0000
__size_of_eeprom_write      (abs)        0000
__size_of_itoa              (abs)        0000
__size_of_main              (abs)        0000
__size_of_timerInit         (abs)        0000
__size_of_utoa              (abs)        0000
__size_ofi1_Rotation90      (abs)        0000
__stringbase                strings      033E
__stringtab                 strings      032F
_addNewID                   text15       053D
_checkGateStatus            text2        017D
_counter                    bssCOMMON    0078
_eeprom_write               text16       03A8
_isOpened                   bssBANK0     005F
_itoa                       text3        04D5
_lock                       bssBANK0     0061
_main                       maintext     0029
_numberID                   bssCOMMON    0076
_park                       dataBANK0    0065
_parkingTime                bssBANK0     0063
_timerInit                  text1        0564
_utoa                       text4        00FC
addNewID@newID              cstackBANK0  0024
btemp                       (abs)        007E
checkGateStatus@string      cstackBANK0  003C
eeprom_write@addr           cstackBANK0  0022
eeprom_write@value          cstackBANK0  0020
end_of_initialization       cinit        0025
i1Rotation90@i              cstackCOMMON 0072
i1_Rotation90               text21       04A6
interrupt_function          intentry     0004
intlevel0                   functab      0000
intlevel1                   functab      0000
intlevel2                   functab      0000
intlevel3                   functab      0000
intlevel4                   functab      0000
intlevel5                   functab      0000
itoa@base                   cstackBANK0  0036
itoa@buf                    cstackBANK0  0032
itoa@val                    cstackBANK0  0034
main@i                      cstackBANK0  005D
main@id                     cstackBANK0  0051
reset_vec                   reset_vec    0000
saved_w                     (abs)        007E
start                       init         000C
start_initialization        cinit        000F
utoa@base                   cstackBANK0  002C
utoa@buf                    cstackBANK0  0028
utoa@c                      cstackBANK0  0031
utoa@v                      cstackBANK0  002F
utoa@val                    cstackBANK0  002A
wtemp0                      (abs)        007E


FUNCTION INFORMATION:

 *************** function _main *****************
 Defined at:
		line 127 in file "parkingCar.c"
 Parameters:    Size  Location     Type
		None
 Auto vars:     Size  Location     Type
  id             12   49[BANK0 ] unsigned char [12]
  i               2   61[BANK0 ] int 
 Return value:  Size  Location     Type
                  1    wreg      void 
 Registers used:
		wreg, fsr0l, fsr0h, status,2, status,0, btemp+1, pclath, cstack
 Tracked objects:
		On entry : 
		On exit  : 
		Unchanged: 
 Data sizes:     COMMON   BANK0   BANK1   BANK3   BANK2
      Params:         0       0       0       0       0
      Locals:         0      14       0       0       0
      Temps:          0       1       0       0       0
      Totals:         0      15       0       0       0
Total ram usage:       15 bytes
 Hardware stack levels required when called:    6
 This function calls:
		_Lcd4_Init
		_Lcd4_Set_Cursor
		_Lcd4_Write_String
		_RFID_init
		_Rotation0
		_Rotation90
		_UART_Init
		_UART_Receive
		_checkGateStatus
		_timerInit
 This function is called by:
		Startup code after reset
 This function uses a non-reentrant model


 *************** function _timerInit *****************
 Defined at:
		line 91 in file "parkingCar.c"
 Parameters:    Size  Location     Type
		None
 Auto vars:     Size  Location     Type
		None
 Return value:  Size  Location     Type
                  1    wreg      void 
 Registers used:
		status,2
 Tracked objects:
		On entry : 
		On exit  : 
		Unchanged: 
 Data sizes:     COMMON   BANK0   BANK1   BANK3   BANK2
      Params:         0       0       0       0       0
      Locals:         0       0       0       0       0
      Temps:          0       0       0       0       0
      Totals:         0       0       0       0       0
Total ram usage:        0 bytes
 Hardware stack levels used:    1
 Hardware stack levels required when called:    2
 This function calls:
		Nothing
 This function is called by:
		_main
 This function uses a non-reentrant model


 *************** function _checkGateStatus *****************
 Defined at:
		line 110 in file "parkingCar.c"
 Parameters:    Size  Location     Type
		None
 Auto vars:     Size  Location     Type
  string         20   28[BANK0 ] unsigned char [20]
 Return value:  Size  Location     Type
                  1    wreg      void 
 Registers used:
		wreg, fsr0l, fsr0h, status,2, status,0, btemp+1, pclath, cstack
 Tracked objects:
		On entry : 
		On exit  : 
		Unchanged: 
 Data sizes:     COMMON   BANK0   BANK1   BANK3   BANK2
      Params:         0       0       0       0       0
      Locals:         0      20       0       0       0
      Temps:          0       1       0       0       0
      Totals:         0      21       0       0       0
Total ram usage:       21 bytes
 Hardware stack levels used:    1
 Hardware stack levels required when called:    5
 This function calls:
		_Lcd4_Set_Cursor
		_Lcd4_Write_String
		_itoa
 This function is called by:
		_main
 This function uses a non-reentrant model


 *************** function _itoa *****************
 Defined at:
		line 4 in file "C:\Program Files\Microchip\xc8\v2.30\pic\sources\c90\common\itoa.c"
 Parameters:    Size  Location     Type
  buf             2   18[BANK0 ] PTR unsigned char 
		 -> RAM(512), 
  val             2   20[BANK0 ] int 
  base            2   22[BANK0 ] int 
 Auto vars:     Size  Location     Type
  cp              2    0        PTR unsigned char 
		 -> RAM(512), 
 Return value:  Size  Location     Type
                  2   18[BANK0 ] PTR unsigned char 
 Registers used:
		wreg, fsr0l, fsr0h, status,2, status,0, pclath, cstack
 Tracked objects:
		On entry : 
		On exit  : 
		Unchanged: 
 Data sizes:     COMMON   BANK0   BANK1   BANK3   BANK2
      Params:         0       6       0       0       0
      Locals:         0       2       0       0       0
      Temps:          0       1       0       0       0
      Totals:         0       9       0       0       0
Total ram usage:        9 bytes
 Hardware stack levels used:    1
 Hardware stack levels required when called:    4
 This function calls:
		_utoa
 This function is called by:
		_checkGateStatus
 This function uses a non-reentrant model


 *************** function _utoa *****************
 Defined at:
		line 17 in file "C:\Program Files\Microchip\xc8\v2.30\pic\sources\c90\common\itoa.c"
 Parameters:    Size  Location     Type
  buf             2    8[BANK0 ] PTR unsigned char 
		 -> RAM(512), 
  val             2   10[BANK0 ] unsigned int 
  base            2   12[BANK0 ] int 
 Auto vars:     Size  Location     Type
  v               2   15[BANK0 ] unsigned int 
  c               1   17[BANK0 ] unsigned char 
 Return value:  Size  Location     Type
                  2    8[BANK0 ] PTR unsigned char 
 Registers used:
		wreg, fsr0l, fsr0h, status,2, status,0, pclath, cstack
 Tracked objects:
		On entry : 
		On exit  : 
		Unchanged: 
 Data sizes:     COMMON   BANK0   BANK1   BANK3   BANK2
      Params:         0       6       0       0       0
      Locals:         0       3       0       0       0
      Temps:          0       1       0       0       0
      Totals:         0      10       0       0       0
Total ram usage:       10 bytes
 Hardware stack levels used:    1
 Hardware stack levels required when called:    3
 This function calls:
		___lwdiv
		___lwmod
 This function is called by:
		_itoa
 This function uses a non-reentrant model


 *************** function ___lwmod *****************
 Defined at:
		line 5 in file "C:\Program Files\Microchip\xc8\v2.30\pic\sources\c90\common\lwmod.c"
 Parameters:    Size  Location     Type
  divisor         2    0[BANK0 ] unsigned int 
  dividend        2    2[BANK0 ] unsigned int 
 Auto vars:     Size  Location     Type
  counter         1    5[BANK0 ] unsigned char 
 Return value:  Size  Location     Type
                  2    0[BANK0 ] unsigned int 
 Registers used:
		wreg, status,2, status,0
 Tracked objects:
		On entry : 
		On exit  : 
		Unchanged: 
 Data sizes:     COMMON   BANK0   BANK1   BANK3   BANK2
      Params:         0       4       0       0       0
      Locals:         0       1       0       0       0
      Temps:          0       1       0       0       0
      Totals:         0       6       0       0       0
Total ram usage:        6 bytes
 Hardware stack levels used:    1
 Hardware stack levels required when called:    2
 This function calls:
		Nothing
 This function is called by:
		_utoa
 This function uses a non-reentrant model


 *************** function ___lwdiv *****************
 Defined at:
		line 5 in file "C:\Program Files\Microchip\xc8\v2.30\pic\sources\c90\common\lwdiv.c"
 Parameters:    Size  Location     Type
  divisor         2    0[BANK0 ] unsigned int 
  dividend        2    2[BANK0 ] unsigned int 
 Auto vars:     Size  Location     Type
  quotient        2    6[BANK0 ] unsigned int 
  counter         1    5[BANK0 ] unsigned char 
 Return value:  Size  Location     Type
                  2    0[BANK0 ] unsigned int 
 Registers used:
		wreg, status,2, status,0
 Tracked objects:
		On entry : 
		On exit  : 
		Unchanged: 
 Data sizes:     COMMON   BANK0   BANK1   BANK3   BANK2
      Params:         0       4       0       0       0
      Locals:         0       3       0       0       0
      Temps:          0       1       0       0       0
      Totals:         0       8       0       0       0
Total ram usage:        8 bytes
 Hardware stack levels used:    1
 Hardware stack levels required when called:    2
 This function calls:
		Nothing
 This function is called by:
		_utoa
 This function uses a non-reentrant model


 *************** function _Lcd4_Write_String *****************
 Defined at:
		line 218 in file "./lcd.h"
 Parameters:    Size  Location     Type
  a               2    6[BANK0 ] PTR unsigned char 
		 -> STR_5(10), RAM(512), STR_4(8), STR_3(7), 
		 -> STR_2(7), 
 Auto vars:     Size  Location     Type
  i               2    8[BANK0 ] int 
 Return value:  Size  Location     Type
                  1    wreg      void 
 Registers used:
		wreg, fsr0l, fsr0h, status,2, status,0, btemp+1, pclath, cstack
 Tracked objects:
		On entry : 
		On exit  : 
		Unchanged: 
 Data sizes:     COMMON   BANK0   BANK1   BANK3   BANK2
      Params:         0       2       0       0       0
      Locals:         0       2       0       0       0
      Temps:          0       0       0       0       0
      Totals:         0       4       0       0       0
Total ram usage:        4 bytes
 Hardware stack levels used:    1
 Hardware stack levels required when called:    4
 This function calls:
		_Lcd4_Write_Char
 This function is called by:
		_checkGateStatus
		_main
 This function uses a non-reentrant model


 *************** function _Lcd4_Write_Char *****************
 Defined at:
		line 202 in file "./lcd.h"
 Parameters:    Size  Location     Type
  a               1    wreg     unsigned char 
 Auto vars:     Size  Location     Type
  a               1    5[BANK0 ] unsigned char 
  y               1    4[BANK0 ] unsigned char 
  temp            1    3[BANK0 ] unsigned char 
 Return value:  Size  Location     Type
                  1    wreg      void 
 Registers used:
		wreg, status,2, status,0, pclath, cstack
 Tracked objects:
		On entry : 
		On exit  : 
		Unchanged: 
 Data sizes:     COMMON   BANK0   BANK1   BANK3   BANK2
      Params:         0       0       0       0       0
      Locals:         0       3       0       0       0
      Temps:          0       2       0       0       0
      Totals:         0       5       0       0       0
Total ram usage:        5 bytes
 Hardware stack levels used:    1
 Hardware stack levels required when called:    3
 This function calls:
		_Lcd4_Port
 This function is called by:
		_Lcd4_Write_String
 This function uses a non-reentrant model


 *************** function _Lcd4_Set_Cursor *****************
 Defined at:
		line 162 in file "./lcd.h"
 Parameters:    Size  Location     Type
  a               1    wreg     unsigned char 
  b               1    4[BANK0 ] unsigned char 
 Auto vars:     Size  Location     Type
  a               1    7[BANK0 ] unsigned char 
  y               1   10[BANK0 ] unsigned char 
  z               1    9[BANK0 ] unsigned char 
  temp            1    8[BANK0 ] unsigned char 
 Return value:  Size  Location     Type
                  1    wreg      void 
 Registers used:
		wreg, status,2, status,0, pclath, cstack
 Tracked objects:
		On entry : 
		On exit  : 
		Unchanged: 
 Data sizes:     COMMON   BANK0   BANK1   BANK3   BANK2
      Params:         0       1       0       0       0
      Locals:         0       4       0       0       0
      Temps:          0       2       0       0       0
      Totals:         0       7       0       0       0
Total ram usage:        7 bytes
 Hardware stack levels used:    1
 Hardware stack levels required when called:    4
 This function calls:
		_Lcd4_Cmd
 This function is called by:
		_checkGateStatus
		_main
 This function uses a non-reentrant model


 *************** function _UART_Receive *****************
 Defined at:
		line 19 in file "./uart.h"
 Parameters:    Size  Location     Type
		None
 Auto vars:     Size  Location     Type
		None
 Return value:  Size  Location     Type
                  1    wreg      unsigned char 
 Registers used:
		wreg
 Tracked objects:
		On entry : 
		On exit  : 
		Unchanged: 
 Data sizes:     COMMON   BANK0   BANK1   BANK3   BANK2
      Params:         0       0       0       0       0
      Locals:         0       0       0       0       0
      Temps:          0       0       0       0       0
      Totals:         0       0       0       0       0
Total ram usage:        0 bytes
 Hardware stack levels used:    1
 Hardware stack levels required when called:    2
 This function calls:
		Nothing
 This function is called by:
		_main
 This function uses a non-reentrant model


 *************** function _UART_Init *****************
 Defined at:
		line 1 in file "./uart.h"
 Parameters:    Size  Location     Type
		None
 Auto vars:     Size  Location     Type
		None
 Return value:  Size  Location     Type
                  1    wreg      void 
 Registers used:
		wreg
 Tracked objects:
		On entry : 
		On exit  : 
		Unchanged: 
 Data sizes:     COMMON   BANK0   BANK1   BANK3   BANK2
      Params:         0       2       0       0       0
      Locals:         0       0       0       0       0
      Temps:          0       0       0       0       0
      Totals:         0       2       0       0       0
Total ram usage:        2 bytes
 Hardware stack levels used:    1
 Hardware stack levels required when called:    2
 This function calls:
		Nothing
 This function is called by:
		_main
 This function uses a non-reentrant model


 *************** function _Rotation90 *****************
 Defined at:
		line 202 in file "parkingCar.c"
 Parameters:    Size  Location     Type
		None
 Auto vars:     Size  Location     Type
  i               2    2[BANK0 ] unsigned int 
 Return value:  Size  Location     Type
                  1    wreg      void 
 Registers used:
		wreg, status,2
 Tracked objects:
		On entry : 
		On exit  : 
		Unchanged: 
 Data sizes:     COMMON   BANK0   BANK1   BANK3   BANK2
      Params:         0       0       0       0       0
      Locals:         0       2       0       0       0
      Temps:          0       2       0       0       0
      Totals:         0       4       0       0       0
Total ram usage:        4 bytes
 Hardware stack levels used:    1
 Hardware stack levels required when called:    2
 This function calls:
		Nothing
 This function is called by:
		_main
 This function uses a non-reentrant model


 *************** function _Rotation0 *****************
 Defined at:
		line 189 in file "parkingCar.c"
 Parameters:    Size  Location     Type
		None
 Auto vars:     Size  Location     Type
  i               2    2[BANK0 ] unsigned int 
 Return value:  Size  Location     Type
                  1    wreg      void 
 Registers used:
		wreg, status,2
 Tracked objects:
		On entry : 
		On exit  : 
		Unchanged: 
 Data sizes:     COMMON   BANK0   BANK1   BANK3   BANK2
      Params:         0       0       0       0       0
      Locals:         0       2       0       0       0
      Temps:          0       2       0       0       0
      Totals:         0       4       0       0       0
Total ram usage:        4 bytes
 Hardware stack levels used:    1
 Hardware stack levels required when called:    2
 This function calls:
		Nothing
 This function is called by:
		_main
 This function uses a non-reentrant model


 *************** function _RFID_init *****************
 Defined at:
		line 64 in file "parkingCar.c"
 Parameters:    Size  Location     Type
		None
 Auto vars:     Size  Location     Type
		None
 Return value:  Size  Location     Type
                  1    wreg      void 
 Registers used:
		wreg, status,2, status,0, pclath, cstack
 Tracked objects:
		On entry : 
		On exit  : 
		Unchanged: 
 Data sizes:     COMMON   BANK0   BANK1   BANK3   BANK2
      Params:         0       0       0       0       0
      Locals:         0       0       0       0       0
      Temps:          0       0       0       0       0
      Totals:         0       0       0       0       0
Total ram usage:        0 bytes
 Hardware stack levels used:    1
 Hardware stack levels required when called:    4
 This function calls:
		_addNewID
 This function is called by:
		_main
 This function uses a non-reentrant model


 *************** function _addNewID *****************
 Defined at:
		line 59 in file "parkingCar.c"
 Parameters:    Size  Location     Type
  newID           1    wreg     PTR unsigned char 
		 -> STR_1(13), 
 Auto vars:     Size  Location     Type
  newID           1    4[BANK0 ] PTR unsigned char 
		 -> STR_1(13), 
 Return value:  Size  Location     Type
                  1    wreg      void 
 Registers used:
		wreg, status,2, status,0, pclath, cstack
 Tracked objects:
		On entry : 
		On exit  : 
		Unchanged: 
 Data sizes:     COMMON   BANK0   BANK1   BANK3   BANK2
      Params:         0       0       0       0       0
      Locals:         0       1       0       0       0
      Temps:          0       1       0       0       0
      Totals:         0       2       0       0       0
Total ram usage:        2 bytes
 Hardware stack levels used:    1
 Hardware stack levels required when called:    3
 This function calls:
		_eeprom_write
 This function is called by:
		_RFID_init
 This function uses a non-reentrant model


 *************** function _eeprom_write *****************
 Defined at:
		line 6 in file "C:\Program Files\Microchip\xc8\v2.30\pic\sources\c90\pic\__eewrite.c"
 Parameters:    Size  Location     Type
  addr            1    wreg     unsigned char 
  value           1    0[BANK0 ] unsigned char 
 Auto vars:     Size  Location     Type
  addr            1    2[BANK0 ] unsigned char 
 Return value:  Size  Location     Type
                  1    wreg      void 
 Registers used:
		wreg, status,2, status,0
 Tracked objects:
		On entry : 
		On exit  : 
		Unchanged: 
 Data sizes:     COMMON   BANK0   BANK1   BANK3   BANK2
      Params:         0       1       0       0       0
      Locals:         0       1       0       0       0
      Temps:          0       1       0       0       0
      Totals:         0       3       0       0       0
Total ram usage:        3 bytes
 Hardware stack levels used:    1
 Hardware stack levels required when called:    2
 This function calls:
		Nothing
 This function is called by:
		_addNewID
 This function uses a non-reentrant model


 *************** function _Lcd4_Init *****************
 Defined at:
		line 183 in file "./lcd.h"
 Parameters:    Size  Location     Type
		None
 Auto vars:     Size  Location     Type
		None
 Return value:  Size  Location     Type
                  1    wreg      void 
 Registers used:
		wreg, status,2, status,0, pclath, cstack
 Tracked objects:
		On entry : 
		On exit  : 
		Unchanged: 
 Data sizes:     COMMON   BANK0   BANK1   BANK3   BANK2
      Params:         0       0       0       0       0
      Locals:         0       0       0       0       0
      Temps:          0       2       0       0       0
      Totals:         0       2       0       0       0
Total ram usage:        2 bytes
 Hardware stack levels used:    1
 Hardware stack levels required when called:    4
 This function calls:
		_Lcd4_Cmd
		_Lcd4_Port
 This function is called by:
		_main
 This function uses a non-reentrant model


 *************** function _Lcd4_Cmd *****************
 Defined at:
		line 147 in file "./lcd.h"
 Parameters:    Size  Location     Type
  a               1    wreg     unsigned char 
 Auto vars:     Size  Location     Type
  a               1    3[BANK0 ] unsigned char 
 Return value:  Size  Location     Type
                  1    wreg      void 
 Registers used:
		wreg, status,2, status,0, pclath, cstack
 Tracked objects:
		On entry : 
		On exit  : 
		Unchanged: 
 Data sizes:     COMMON   BANK0   BANK1   BANK3   BANK2
      Params:         0       0       0       0       0
      Locals:         0       1       0       0       0
      Temps:          0       2       0       0       0
      Totals:         0       3       0       0       0
Total ram usage:        3 bytes
 Hardware stack levels used:    1
 Hardware stack levels required when called:    3
 This function calls:
		_Lcd4_Port
 This function is called by:
		_Lcd4_Set_Cursor
		_Lcd4_Init
		_Lcd4_Clear
		_Lcd4_Shift_Right
		_Lcd4_Shift_Left
 This function uses a non-reentrant model


 *************** function _Lcd4_Port *****************
 Defined at:
		line 125 in file "./lcd.h"
 Parameters:    Size  Location     Type
  a               1    wreg     unsigned char 
 Auto vars:     Size  Location     Type
  a               1    0[BANK0 ] unsigned char 
 Return value:  Size  Location     Type
                  1    wreg      void 
 Registers used:
		wreg
 Tracked objects:
		On entry : 
		On exit  : 
		Unchanged: 
 Data sizes:     COMMON   BANK0   BANK1   BANK3   BANK2
      Params:         0       0       0       0       0
      Locals:         0       1       0       0       0
      Temps:          0       0       0       0       0
      Totals:         0       1       0       0       0
Total ram usage:        1 bytes
 Hardware stack levels used:    1
 Hardware stack levels required when called:    2
 This function calls:
		Nothing
 This function is called by:
		_Lcd4_Cmd
		_Lcd4_Init
		_Lcd4_Write_Char
 This function uses a non-reentrant model


 *************** function _ISR *****************
 Defined at:
		line 215 in file "parkingCar.c"
 Parameters:    Size  Location     Type
		None
 Auto vars:     Size  Location     Type
		None
 Return value:  Size  Location     Type
                  1    wreg      void 
 Registers used:
		wreg, status,2, status,0, pclath, cstack
 Tracked objects:
		On entry : 
		On exit  : 
		Unchanged: 
 Data sizes:     COMMON   BANK0   BANK1   BANK3   BANK2
      Params:         0       0       0       0       0
      Locals:         0       0       0       0       0
      Temps:          2       0       0       0       0
      Totals:         2       0       0       0       0
Total ram usage:        2 bytes
 Hardware stack levels used:    1
 Hardware stack levels required when called:    1
 This function calls:
		i1_Rotation90
 This function is called by:
		Interrupt level 1
 This function uses a non-reentrant model


 *************** function i1_Rotation90 *****************
 Defined at:
		line 202 in file "parkingCar.c"
 Parameters:    Size  Location     Type
		None
 Auto vars:     Size  Location     Type
  i               2    2[COMMON] unsigned int 
 Return value:  Size  Location     Type
                  1    wreg      void 
 Registers used:
		wreg, status,2
 Tracked objects:
		On entry : 
		On exit  : 
		Unchanged: 
 Data sizes:     COMMON   BANK0   BANK1   BANK3   BANK2
      Params:         0       0       0       0       0
      Locals:         2       0       0       0       0
      Temps:          2       0       0       0       0
      Totals:         4       0       0       0       0
Total ram usage:        4 bytes
 Hardware stack levels used:    1
 This function calls:
		Nothing
 This function is called by:
		_ISR
 This function uses a non-reentrant model



MODULE INFORMATION

Module		Function		Class		Link	Load	Size
C:\Program Files\Microchip\xc8\v2.30\pic\sources\c90\common\lwmod.c
		___lwmod       		CODE           	036C	0000	60

C:\Program Files\Microchip\xc8\v2.30\pic\sources\c90\common\lwmod.c estimated size: 60

parkingCar.c
		_Rotation0     		CODE           	0444	0000	49
		_Rotation90    		CODE           	03DF	0000	51
		_ISR           		CODE           	0475	0000	49
		_main          		CODE           	0029	0000	211
		_timerInit     		CODE           	0564	0000	15
		_checkGateStatus		CODE           	017D	0000	105
		_RFID_init     		CODE           	057C	0000	7
		_addNewID      		CODE           	053D	0000	20

parkingCar.c estimated size: 507

./lcd.h
		_Lcd4_Port     		CODE           	0501	0000	32
		_Lcd4_Write_Char		CODE           	02EA	0000	69
		_Lcd4_Cmd      		CODE           	0521	0000	28
		_Lcd4_Write_String		CODE           	0412	0000	50
		_Lcd4_Set_Cursor		CODE           	024A	0000	90
		_Lcd4_Init     		CODE           	01E6	0000	100

./lcd.h estimated size: 369

C:\Program Files\Microchip\xc8\v2.30\pic\sources\c90\common\lwdiv.c
		___lwdiv       		CODE           	02A4	0000	70

C:\Program Files\Microchip\xc8\v2.30\pic\sources\c90\common\lwdiv.c estimated size: 70

./uart.h
		_UART_Receive  		CODE           	0573	0000	9
		_UART_Init     		CODE           	0551	0000	19

./uart.h estimated size: 28

C:\Program Files\Microchip\xc8\v2.30\pic\sources\c90\common\itoa.c
		_itoa          		CODE           	04D5	0000	44
		_utoa          		CODE           	00FC	0000	129

C:\Program Files\Microchip\xc8\v2.30\pic\sources\c90\common\itoa.c estimated size: 173

shared
		__stringtab    		STRING         	032F	0000	16
		__initialization		CODE           	000F	0000	22
		i1_Rotation90  		CODE           	04A6	0000	47

shared estimated size: 85

C:\Program Files\Microchip\xc8\v2.30\pic\sources\c90\pic\__eewrite.c
		_eeprom_write  		CODE           	03A8	0000	55

C:\Program Files\Microchip\xc8\v2.30\pic\sources\c90\pic\__eewrite.c estimated size: 55

